Archive member included to satisfy reference by file (symbol)

C:/ST/STM32CubeIDE_1.16.1/STM32CubeIDE/plugins/com.st.stm32cube.ide.mcu.externaltools.gnu-tools-for-stm32.12.3.rel1.win32_1.0.200.202406191623/tools/bin/../lib/gcc/arm-none-eabi/12.3.1/../../../../arm-none-eabi/lib/thumb/v7-m/nofp\libc_nano.a(libc_a-exit.o)
                              C:/ST/STM32CubeIDE_1.16.1/STM32CubeIDE/plugins/com.st.stm32cube.ide.mcu.externaltools.gnu-tools-for-stm32.12.3.rel1.win32_1.0.200.202406191623/tools/bin/../lib/gcc/arm-none-eabi/12.3.1/../../../../arm-none-eabi/lib/thumb/v7-m/nofp/crt0.o (exit)
C:/ST/STM32CubeIDE_1.16.1/STM32CubeIDE/plugins/com.st.stm32cube.ide.mcu.externaltools.gnu-tools-for-stm32.12.3.rel1.win32_1.0.200.202406191623/tools/bin/../lib/gcc/arm-none-eabi/12.3.1/../../../../arm-none-eabi/lib/thumb/v7-m/nofp\libc_nano.a(libc_a-findfp.o)
                              C:/ST/STM32CubeIDE_1.16.1/STM32CubeIDE/plugins/com.st.stm32cube.ide.mcu.externaltools.gnu-tools-for-stm32.12.3.rel1.win32_1.0.200.202406191623/tools/bin/../lib/gcc/arm-none-eabi/12.3.1/../../../../arm-none-eabi/lib/thumb/v7-m/nofp\libc_nano.a(libc_a-exit.o) (__stdio_exit_handler)
C:/ST/STM32CubeIDE_1.16.1/STM32CubeIDE/plugins/com.st.stm32cube.ide.mcu.externaltools.gnu-tools-for-stm32.12.3.rel1.win32_1.0.200.202406191623/tools/bin/../lib/gcc/arm-none-eabi/12.3.1/../../../../arm-none-eabi/lib/thumb/v7-m/nofp\libc_nano.a(libc_a-fwalk.o)
                              C:/ST/STM32CubeIDE_1.16.1/STM32CubeIDE/plugins/com.st.stm32cube.ide.mcu.externaltools.gnu-tools-for-stm32.12.3.rel1.win32_1.0.200.202406191623/tools/bin/../lib/gcc/arm-none-eabi/12.3.1/../../../../arm-none-eabi/lib/thumb/v7-m/nofp\libc_nano.a(libc_a-findfp.o) (_fwalk_sglue)
C:/ST/STM32CubeIDE_1.16.1/STM32CubeIDE/plugins/com.st.stm32cube.ide.mcu.externaltools.gnu-tools-for-stm32.12.3.rel1.win32_1.0.200.202406191623/tools/bin/../lib/gcc/arm-none-eabi/12.3.1/../../../../arm-none-eabi/lib/thumb/v7-m/nofp\libc_nano.a(libc_a-sprintf.o)
                              ./Core/Src/display.o (sprintf)
C:/ST/STM32CubeIDE_1.16.1/STM32CubeIDE/plugins/com.st.stm32cube.ide.mcu.externaltools.gnu-tools-for-stm32.12.3.rel1.win32_1.0.200.202406191623/tools/bin/../lib/gcc/arm-none-eabi/12.3.1/../../../../arm-none-eabi/lib/thumb/v7-m/nofp\libc_nano.a(libc_a-stdio.o)
                              C:/ST/STM32CubeIDE_1.16.1/STM32CubeIDE/plugins/com.st.stm32cube.ide.mcu.externaltools.gnu-tools-for-stm32.12.3.rel1.win32_1.0.200.202406191623/tools/bin/../lib/gcc/arm-none-eabi/12.3.1/../../../../arm-none-eabi/lib/thumb/v7-m/nofp\libc_nano.a(libc_a-findfp.o) (__sread)
C:/ST/STM32CubeIDE_1.16.1/STM32CubeIDE/plugins/com.st.stm32cube.ide.mcu.externaltools.gnu-tools-for-stm32.12.3.rel1.win32_1.0.200.202406191623/tools/bin/../lib/gcc/arm-none-eabi/12.3.1/../../../../arm-none-eabi/lib/thumb/v7-m/nofp\libc_nano.a(libc_a-memset.o)
                              C:/ST/STM32CubeIDE_1.16.1/STM32CubeIDE/plugins/com.st.stm32cube.ide.mcu.externaltools.gnu-tools-for-stm32.12.3.rel1.win32_1.0.200.202406191623/tools/bin/../lib/gcc/arm-none-eabi/12.3.1/../../../../arm-none-eabi/lib/thumb/v7-m/nofp/crt0.o (memset)
C:/ST/STM32CubeIDE_1.16.1/STM32CubeIDE/plugins/com.st.stm32cube.ide.mcu.externaltools.gnu-tools-for-stm32.12.3.rel1.win32_1.0.200.202406191623/tools/bin/../lib/gcc/arm-none-eabi/12.3.1/../../../../arm-none-eabi/lib/thumb/v7-m/nofp\libc_nano.a(libc_a-closer.o)
                              C:/ST/STM32CubeIDE_1.16.1/STM32CubeIDE/plugins/com.st.stm32cube.ide.mcu.externaltools.gnu-tools-for-stm32.12.3.rel1.win32_1.0.200.202406191623/tools/bin/../lib/gcc/arm-none-eabi/12.3.1/../../../../arm-none-eabi/lib/thumb/v7-m/nofp\libc_nano.a(libc_a-stdio.o) (_close_r)
C:/ST/STM32CubeIDE_1.16.1/STM32CubeIDE/plugins/com.st.stm32cube.ide.mcu.externaltools.gnu-tools-for-stm32.12.3.rel1.win32_1.0.200.202406191623/tools/bin/../lib/gcc/arm-none-eabi/12.3.1/../../../../arm-none-eabi/lib/thumb/v7-m/nofp\libc_nano.a(libc_a-reent.o)
                              C:/ST/STM32CubeIDE_1.16.1/STM32CubeIDE/plugins/com.st.stm32cube.ide.mcu.externaltools.gnu-tools-for-stm32.12.3.rel1.win32_1.0.200.202406191623/tools/bin/../lib/gcc/arm-none-eabi/12.3.1/../../../../arm-none-eabi/lib/thumb/v7-m/nofp\libc_nano.a(libc_a-closer.o) (errno)
C:/ST/STM32CubeIDE_1.16.1/STM32CubeIDE/plugins/com.st.stm32cube.ide.mcu.externaltools.gnu-tools-for-stm32.12.3.rel1.win32_1.0.200.202406191623/tools/bin/../lib/gcc/arm-none-eabi/12.3.1/../../../../arm-none-eabi/lib/thumb/v7-m/nofp\libc_nano.a(libc_a-impure.o)
                              C:/ST/STM32CubeIDE_1.16.1/STM32CubeIDE/plugins/com.st.stm32cube.ide.mcu.externaltools.gnu-tools-for-stm32.12.3.rel1.win32_1.0.200.202406191623/tools/bin/../lib/gcc/arm-none-eabi/12.3.1/../../../../arm-none-eabi/lib/thumb/v7-m/nofp\libc_nano.a(libc_a-sprintf.o) (_impure_ptr)
[...]
Memory Configuration

Name             Origin             Length             Attributes
RAM              0x20000000         0x00005000         xrw
FLASH            0x08000000         0x00010000         xr
*default*        0x00000000         0xffffffff

Linker script and memory map

LOAD C:/ST/STM32CubeIDE_1.16.1/STM32CubeIDE/plugins/com.st.stm32cube.ide.mcu.externaltools.gnu-tools-for-stm32.12.3.rel1.win32_1.0.200.202406191623/tools/bin/../lib/gcc/arm-none-eabi/12.3.1/thumb/v7-m/nofp/crti.o
LOAD C:/ST/STM32CubeIDE_1.16.1/STM32CubeIDE/plugins/com.st.stm32cube.ide.mcu.externaltools.gnu-tools-for-stm32.12.3.rel1.win32_1.0.200.202406191623/tools/bin/../lib/gcc/arm-none-eabi/12.3.1/thumb/v7-m/nofp/crtbegin.o
LOAD C:/ST/STM32CubeIDE_1.16.1/STM32CubeIDE/plugins/com.st.stm32cube.ide.mcu.externaltools.gnu-tools-for-stm32.12.3.rel1.win32_1.0.200.202406191623/tools/bin/../lib/gcc/arm-none-eabi/12.3.1/../../../../arm-none-eabi/lib/thumb/v7-m/nofp/crt0.o
LOAD ./Core/Src/buttons.o
LOAD ./Core/Src/buzzer.o
LOAD ./Core/Src/control.o
LOAD ./Core/Src/display.o
LOAD ./Core/Src/ds3231.o
LOAD ./Core/Src/fee.o
LOAD ./Core/Src/filter.o
LOAD ./Core/Src/lcd1602_i2c.o
LOAD ./Core/Src/main.o
LOAD ./Core/Src/mq2.o
LOAD ./Core/Src/sht31.o
LOAD ./Core/Src/stm32f1xx_hal_msp.o
LOAD ./Core/Src/stm32f1xx_it.o
LOAD ./Core/Src/syscalls.o
LOAD ./Core/Src/sysmem.o
LOAD ./Core/Src/system_stm32f1xx.o
LOAD ./Core/Src/timer.o
LOAD ./Core/Startup/startup_stm32f103c8tx.o
LOAD ./Drivers/STM32F1xx_HAL_Driver/Src/stm32f1xx_hal.o
LOAD ./Drivers/STM32F1xx_HAL_Driver/Src/stm32f1xx_hal_adc.o
LOAD ./Drivers/STM32F1xx_HAL_Driver/Src/stm32f1xx_hal_adc_ex.o
LOAD ./Drivers/STM32F1xx_HAL_Driver/Src/stm32f1xx_hal_cortex.o
LOAD ./Drivers/STM32F1xx_HAL_Driver/Src/stm32f1xx_hal_dma.o
LOAD ./Drivers/STM32F1xx_HAL_Driver/Src/stm32f1xx_hal_exti.o
LOAD ./Drivers/STM32F1xx_HAL_Driver/Src/stm32f1xx_hal_flash.o
LOAD ./Drivers/STM32F1xx_HAL_Driver/Src/stm32f1xx_hal_flash_ex.o
LOAD ./Drivers/STM32F1xx_HAL_Driver/Src/stm32f1xx_hal_gpio.o
LOAD ./Drivers/STM32F1xx_HAL_Driver/Src/stm32f1xx_hal_gpio_ex.o
LOAD ./Drivers/STM32F1xx_HAL_Driver/Src/stm32f1xx_hal_i2c.o
LOAD ./Drivers/STM32F1xx_HAL_Driver/Src/stm32f1xx_hal_pwr.o
LOAD ./Drivers/STM32F1xx_HAL_Driver/Src/stm32f1xx_hal_rcc.o
LOAD ./Drivers/STM32F1xx_HAL_Driver/Src/stm32f1xx_hal_rcc_ex.o
LOAD ./Drivers/STM32F1xx_HAL_Driver/Src/stm32f1xx_hal_tim.o
LOAD ./Drivers/STM32F1xx_HAL_Driver/Src/stm32f1xx_hal_tim_ex.o
START GROUP
LOAD C:/ST/STM32CubeIDE_1.16.1/STM32CubeIDE/plugins/com.st.stm32cube.ide.mcu.externaltools.gnu-tools-for-stm32.12.3.rel1.win32_1.0.200.202406191623/tools/bin/../lib/gcc/arm-none-eabi/12.3.1/../../../../arm-none-eabi/lib/thumb/v7-m/nofp\libc_nano.a
LOAD C:/ST/STM32CubeIDE_1.16.1/STM32CubeIDE/plugins/com.st.stm32cube.ide.mcu.externaltools.gnu-tools-for-stm32.12.3.rel1.win32_1.0.200.202406191623/tools/bin/../lib/gcc/arm-none-eabi/12.3.1/../../../../arm-none-eabi/lib/thumb/v7-m/nofp\libm.a
END GROUP
START GROUP
LOAD C:/ST/STM32CubeIDE_1.16.1/STM32CubeIDE/plugins/com.st.stm32cube.ide.mcu.externaltools.gnu-tools-for-stm32.12.3.rel1.win32_1.0.200.202406191623/tools/bin/../lib/gcc/arm-none-eabi/12.3.1/thumb/v7-m/nofp\libgcc.a
LOAD C:/ST/STM32CubeIDE_1.16.1/STM32CubeIDE/plugins/com.st.stm32cube.ide.mcu.externaltools.gnu-tools-for-stm32.12.3.rel1.win32_1.0.200.202406191623/tools/bin/../lib/gcc/arm-none-eabi/12.3.1/../../../../arm-none-eabi/lib/thumb/v7-m/nofp\libc_nano.a
END GROUP
START GROUP
LOAD C:/ST/STM32CubeIDE_1.16.1/STM32CubeIDE/plugins/com.st.stm32cube.ide.mcu.externaltools.gnu-tools-for-stm32.12.3.rel1.win32_1.0.200.202406191623/tools/bin/../lib/gcc/arm-none-eabi/12.3.1/thumb/v7-m/nofp\libgcc.a
LOAD C:/ST/STM32CubeIDE_1.16.1/STM32CubeIDE/plugins/com.st.stm32cube.ide.mcu.externaltools.gnu-tools-for-stm32.12.3.rel1.win32_1.0.200.202406191623/tools/bin/../lib/gcc/arm-none-eabi/12.3.1/../../../../arm-none-eabi/lib/thumb/v7-m/nofp\libc_nano.a
LOAD C:/ST/STM32CubeIDE_1.16.1/STM32CubeIDE/plugins/com.st.stm32cube.ide.mcu.externaltools.gnu-tools-for-stm32.12.3.rel1.win32_1.0.200.202406191623/tools/bin/../lib/gcc/arm-none-eabi/12.3.1/../../../../arm-none-eabi/lib/thumb/v7-m/nofp\libnosys.a
END GROUP
START GROUP
LOAD C:/ST/STM32CubeIDE_1.16.1/STM32CubeIDE/plugins/com.st.stm32cube.ide.mcu.externaltools.gnu-tools-for-stm32.12.3.rel1.win32_1.0.200.202406191623/tools/bin/../lib/gcc/arm-none-eabi/12.3.1/thumb/v7-m/nofp\libgcc.a
LOAD C:/ST/STM32CubeIDE_1.16.1/STM32CubeIDE/plugins/com.st.stm32cube.ide.mcu.externaltools.gnu-tools-for-stm32.12.3.rel1.win32_1.0.200.202406191623/tools/bin/../lib/gcc/arm-none-eabi/12.3.1/../../../../arm-none-eabi/lib/thumb/v7-m/nofp\libc_nano.a
LOAD C:/ST/STM32CubeIDE_1.16.1/STM32CubeIDE/plugins/com.st.stm32cube.ide.mcu.externaltools.gnu-tools-for-stm32.12.3.rel1.win32_1.0.200.202406191623/tools/bin/../lib/gcc/arm-none-eabi/12.3.1/../../../../arm-none-eabi/lib/thumb/v7-m/nofp\libnosys.a
END GROUP
LOAD C:/ST/STM32CubeIDE_1.16.1/STM32CubeIDE/plugins/com.st.stm32cube.ide.mcu.externaltools.gnu-tools-for-stm32.12.3.rel1.win32_1.0.200.202406191623/tools/bin/../lib/gcc/arm-none-eabi/12.3.1/thumb/v7-m/nofp/crtend.o
LOAD C:/ST/STM32CubeIDE_1.16.1/STM32CubeIDE/plugins/com.st.stm32cube.ide.mcu.externaltools.gnu-tools-for-stm32.12.3.rel1.win32_1.0.200.202406191623/tools/bin/../lib/gcc/arm-none-eabi/12.3.1/thumb/v7-m/nofp/crtn.o
                0x20005000                        _estack = (ORIGIN (RAM) + LENGTH (RAM))
                0x00000200                        _Min_Heap_Size = 0x200
                0x00000400                        _Min_Stack_Size = 0x400

.isr_vector     0x08000000      0x10c
                0x08000000                        . = ALIGN (0x4)
 *(.isr_vector)
 .isr_vector    0x08000000      0x10c ./Core/Startup/startup_stm32f103c8tx.o
                0x08000000                g_pfnVectors
                0x0800010c                        . = ALIGN (0x4)

.text           0x0800010c     0x7254
                0x0800010c                        . = ALIGN (0x4)
 *(.text)
 .text          0x0800010c       0x40 C:/ST/STM32CubeIDE_1.16.1/STM32CubeIDE/plugins/com.st.stm32cube.ide.mcu.externaltools.gnu-tools-for-stm32.12.3.rel1.win32_1.0.200.202406191623/tools/bin/../lib/gcc/arm-none-eabi/12.3.1/thumb/v7-m/nofp/crtbegin.o
 .text          0x0800014c      0x21c C:/ST/STM32CubeIDE_1.16.1/STM32CubeIDE/plugins/com.st.stm32cube.ide.mcu.externaltools.gnu-tools-for-stm32.12.3.rel1.win32_1.0.200.202406191623/tools/bin/../lib/gcc/arm-none-eabi/12.3.1/thumb/v7-m/nofp\libgcc.a(_arm_addsubsf3.o)
                0x0800014c                __aeabi_frsub
                0x08000154                __subsf3
                0x08000154                __aeabi_fsub
                0x08000158                __aeabi_fadd
                0x08000158                __addsf3
                0x080002b8                __aeabi_ui2f
                0x080002b8                __floatunsisf
                0x080002c0                __aeabi_i2f
                0x080002c0                __floatsisf
                0x080002dc                __aeabi_ul2f
                0x080002dc                __floatundisf
                0x080002ec                __aeabi_l2f
                0x080002ec                __floatdisf
 .text          0x08000368      0x2a0 C:/ST/STM32CubeIDE_1.16.1/STM32CubeIDE/plugins/com.st.stm32cube.ide.mcu.externaltools.gnu-tools-for-stm32.12.3.rel1.win32_1.0.200.202406191623/tools/bin/../lib/gcc/arm-none-eabi/12.3.1/thumb/v7-m/nofp\libgcc.a(_arm_muldivsf3.o)
                0x08000368                __mulsf3
                0x08000368                __aeabi_fmul
                0x080004d0                __aeabi_fdiv
                0x080004d0                __divsf3
 .text          0x08000608       0x4c C:/ST/STM32CubeIDE_1.16.1/STM32CubeIDE/plugins/com.st.stm32cube.ide.mcu.externaltools.gnu-tools-for-stm32.12.3.rel1.win32_1.0.200.202406191623/tools/bin/../lib/gcc/arm-none-eabi/12.3.1/thumb/v7-m/nofp\libgcc.a(_arm_fixsfsi.o)
                0x08000608                __aeabi_f2iz
                0x08000608                __fixsfsi
 *(.text*)
 .text.read_start_stop_button
                0x08000654      0x14c ./Core/Src/buttons.o
                0x08000654                read_start_stop_button
 .text.read_reset_button
                0x080007a0       0x90 ./Core/Src/buttons.o
                0x080007a0                read_reset_button
 .text.read_up_button
                0x08000830       0x90 ./Core/Src/buttons.o
                0x08000830                read_up_button
 .text.read_down_button
                0x080008c0       0x90 ./Core/Src/buttons.o
                0x080008c0                read_down_button
 .text.read_left_button
                0x08000950       0x94 ./Core/Src/buttons.o
                0x08000950                read_left_button
 .text.read_right_button
                0x080009e4       0x90 ./Core/Src/buttons.o
                0x080009e4                read_right_button
 .text.buzzer_init
                0x08000a74       0x2c ./Core/Src/buzzer.o
                0x08000a74                buzzer_init
 .text.buzzer_start
                0x08000aa0       0x60 ./Core/Src/buzzer.o
                0x08000aa0                buzzer_start
 .text.buzzer_update
                0x08000b00       0xb0 ./Core/Src/buzzer.o
                0x08000b00                buzzer_update
 .text.buzzer_reset
                0x08000bb0       0x30 ./Core/Src/buzzer.o
                0x08000bb0                buzzer_reset
 .text.read_time
                0x08000be0       0x48 ./Core/Src/control.o
                0x08000be0                read_time
 .text.get_sensor_data
                0x08000c28       0x44 ./Core/Src/control.o
                0x08000c28                get_sensor_data
 .text.timer_control
                0x08000c6c       0x84 ./Core/Src/control.o
                0x08000c6c                timer_control
 .text.alarm_control
                0x08000cf0       0x4c ./Core/Src/control.o
                0x08000cf0                alarm_control
 .text.display_update
                0x08000d3c       0xac ./Core/Src/control.o
                0x08000d3c                display_update
 .text.view_blink_current_time
                0x08000de8       0x6c ./Core/Src/display.o
                0x08000de8                view_blink_current_time
 .text.view_blink_timer_time
                0x08000e54       0x84 ./Core/Src/display.o
                0x08000e54                view_blink_timer_time
 .text.view_temperature
                0x08000ed8       0x40 ./Core/Src/display.o
                0x08000ed8                view_temperature
 .text.view_current_time
                0x08000f18       0x40 ./Core/Src/display.o
                0x08000f18                view_current_time
 .text.view_timer_time
                0x08000f58       0x9c ./Core/Src/display.o
                0x08000f58                view_timer_time
 .text.ds3231_init
                0x08000ff4       0x1c ./Core/Src/ds3231.o
                0x08000ff4                ds3231_init
 .text.ds3231_read_time
                0x08001010       0x8c ./Core/Src/ds3231.o
                0x08001010                ds3231_read_time
 .text.ds3231_set_time
                0x0800109c       0x9c ./Core/Src/ds3231.o
                0x0800109c                ds3231_set_time
 .text.fee_write
                0x08001138      0x1a2 ./Core/Src/fee.o
                0x08001138                fee_write
 .text.fee_read
                0x080012da       0x42 ./Core/Src/fee.o
                0x080012da                fee_read
 .text.fee_write_data
                0x0800131c       0x82 ./Core/Src/fee.o
                0x0800131c                fee_write_data
 .text.fee_read_data
                0x0800139e       0x82 ./Core/Src/fee.o
                0x0800139e                fee_read_data
 .text.filter_ema
                0x08001420       0x78 ./Core/Src/filter.o
                0x08001420                filter_ema
 .text.lcd_send_internal
                0x08001498       0xb0 ./Core/Src/lcd1602_i2c.o
                0x08001498                lcd_send_internal
 .text.lcd_send_command
                0x08001548       0x24 ./Core/Src/lcd1602_i2c.o
                0x08001548                lcd_send_command
 .text.lcd_send_data
                0x0800156c       0x24 ./Core/Src/lcd1602_i2c.o
                0x0800156c                lcd_send_data
 .text.lcd_init
                0x08001590       0x54 ./Core/Src/lcd1602_i2c.o
                0x08001590                lcd_init
 .text.lcd_send_string
                0x080015e4       0x34 ./Core/Src/lcd1602_i2c.o
                0x080015e4                lcd_send_string
 .text.lcd_set_position
                0x08001618       0x4e ./Core/Src/lcd1602_i2c.o
                0x08001618                lcd_set_position
 .text.lcd_clear
                0x08001666       0x22 ./Core/Src/lcd1602_i2c.o
                0x08001666                lcd_clear
 .text.main     0x08001688       0x74 ./Core/Src/main.o
                0x08001688                main
 .text.SystemClock_Config
                0x080016fc       0xb6 ./Core/Src/main.o
                0x080016fc                SystemClock_Config
 *fill*         0x080017b2        0x2 
 .text.MX_ADC1_Init
                0x080017b4       0x7c ./Core/Src/main.o
 .text.MX_I2C1_Init
                0x08001830       0x5c ./Core/Src/main.o
 .text.MX_TIM2_Init
                0x0800188c       0x9c ./Core/Src/main.o
 .text.MX_TIM4_Init
                0x08001928       0xec ./Core/Src/main.o
 .text.MX_DMA_Init
                0x08001a14       0x3c ./Core/Src/main.o
 .text.MX_GPIO_Init
                0x08001a50       0x88 ./Core/Src/main.o
 .text.Error_Handler
                0x08001ad8        0xc ./Core/Src/main.o
                0x08001ad8                Error_Handler
 .text.mq2_init
                0x08001ae4       0x24 ./Core/Src/mq2.o
                0x08001ae4                mq2_init
 .text.mq2_start_measurement
                0x08001b08       0x34 ./Core/Src/mq2.o
                0x08001b08                mq2_start_measurement
 .text.is_ready_data
                0x08001b3c       0x18 ./Core/Src/mq2.o
                0x08001b3c                is_ready_data
 .text.mq2_get_data
                0x08001b54       0x20 ./Core/Src/mq2.o
                0x08001b54                mq2_get_data
 .text.mq2_is_alarm
                0x08001b74       0x24 ./Core/Src/mq2.o
                0x08001b74                mq2_is_alarm
 .text.HAL_ADC_ConvCpltCallback
                0x08001b98       0x2c ./Core/Src/mq2.o
                0x08001b98                HAL_ADC_ConvCpltCallback
 .text.sht31_init
                0x08001bc4       0x1c ./Core/Src/sht31.o
                0x08001bc4                sht31_init
 .text.SHT31_CRC8
                0x08001be0       0x6c ./Core/Src/sht31.o
                0x08001be0                SHT31_CRC8
 .text.sht31_start_mesurement
                0x08001c4c       0x68 ./Core/Src/sht31.o
                0x08001c4c                sht31_start_mesurement
 .text.sht31_is_ready_to_read
                0x08001cb4       0x30 ./Core/Src/sht31.o
                0x08001cb4                sht31_is_ready_to_read
 .text.SHT31_read_temp_humidity
                0x08001ce4      0x110 ./Core/Src/sht31.o
                0x08001ce4                SHT31_read_temp_humidity
 .text.HAL_MspInit
                0x08001df4       0x64 ./Core/Src/stm32f1xx_hal_msp.o
                0x08001df4                HAL_MspInit
 .text.HAL_ADC_MspInit
                0x08001e58       0xd0 ./Core/Src/stm32f1xx_hal_msp.o
                0x08001e58                HAL_ADC_MspInit
 .text.HAL_I2C_MspInit
                0x08001f28       0x7c ./Core/Src/stm32f1xx_hal_msp.o
                0x08001f28                HAL_I2C_MspInit
 .text.HAL_TIM_Base_MspInit
                0x08001fa4       0x70 ./Core/Src/stm32f1xx_hal_msp.o
                0x08001fa4                HAL_TIM_Base_MspInit
 .text.HAL_TIM_MspPostInit
                0x08002014       0x68 ./Core/Src/stm32f1xx_hal_msp.o
                0x08002014                HAL_TIM_MspPostInit
 .text.NMI_Handler
                0x0800207c        0x8 ./Core/Src/stm32f1xx_it.o
                0x0800207c                NMI_Handler
 .text.HardFault_Handler
                0x08002084        0x8 ./Core/Src/stm32f1xx_it.o
                0x08002084                HardFault_Handler
 .text.MemManage_Handler
                0x0800208c        0x8 ./Core/Src/stm32f1xx_it.o
                0x0800208c                MemManage_Handler
 .text.BusFault_Handler
                0x08002094        0x8 ./Core/Src/stm32f1xx_it.o
                0x08002094                BusFault_Handler
 .text.UsageFault_Handler
                0x0800209c        0x8 ./Core/Src/stm32f1xx_it.o
                0x0800209c                UsageFault_Handler
 .text.SVC_Handler
                0x080020a4        0xc ./Core/Src/stm32f1xx_it.o
                0x080020a4                SVC_Handler
 .text.DebugMon_Handler
                0x080020b0        0xc ./Core/Src/stm32f1xx_it.o
                0x080020b0                DebugMon_Handler
 .text.PendSV_Handler
                0x080020bc        0xc ./Core/Src/stm32f1xx_it.o
                0x080020bc                PendSV_Handler
 .text.SysTick_Handler
                0x080020c8        0xc ./Core/Src/stm32f1xx_it.o
                0x080020c8                SysTick_Handler
 .text.DMA1_Channel1_IRQHandler
                0x080020d4       0x14 ./Core/Src/stm32f1xx_it.o
                0x080020d4                DMA1_Channel1_IRQHandler
 .text._sbrk    0x080020e8       0x6c ./Core/Src/sysmem.o
                0x080020e8                _sbrk
 .text.SystemInit
                0x08002154        0xc ./Core/Src/system_stm32f1xx.o
                0x08002154                SystemInit
 .text.timer_init
                0x08002160       0x54 ./Core/Src/timer.o
                0x08002160                timer_init
 .text.timer_start_stop
                0x080021b4      0x11c ./Core/Src/timer.o
                0x080021b4                timer_start_stop
 .text.timer_reset
                0x080022d0       0x48 ./Core/Src/timer.o
                0x080022d0                timer_reset
 .text.timer_settings
                0x08002318       0xe8 ./Core/Src/timer.o
                0x08002318                timer_settings
 .text.settings_current_time
                0x08002400      0x104 ./Core/Src/timer.o
                0x08002400                settings_current_time
 .text.get_timer_time
                0x08002504       0x14 ./Core/Src/timer.o
                0x08002504                get_timer_time
 .text.set_timer_time
                0x08002518       0x1c ./Core/Src/timer.o
                0x08002518                set_timer_time
 .text.TIM2_IRQHandler
                0x08002534       0x58 ./Core/Src/timer.o
                0x08002534                TIM2_IRQHandler
 .text.Reset_Handler
                0x0800258c       0x48 ./Core/Startup/startup_stm32f103c8tx.o
                0x0800258c                Reset_Handler
 .text.Default_Handler
                0x080025d4        0x2 ./Core/Startup/startup_stm32f103c8tx.o
                0x080025d4                RTC_Alarm_IRQHandler
                0x080025d4                EXTI2_IRQHandler
                0x080025d4                TIM1_CC_IRQHandler
                0x080025d4                PVD_IRQHandler
                0x080025d4                EXTI3_IRQHandler
                0x080025d4                EXTI0_IRQHandler
                0x080025d4                I2C2_EV_IRQHandler
                0x080025d4                ADC1_2_IRQHandler
                0x080025d4                SPI1_IRQHandler
                0x080025d4                TAMPER_IRQHandler
                0x080025d4                DMA1_Channel4_IRQHandler
                0x080025d4                USART3_IRQHandler
                0x080025d4                RTC_IRQHandler
                0x080025d4                DMA1_Channel7_IRQHandler
                0x080025d4                CAN1_RX1_IRQHandler
                0x080025d4                TIM4_IRQHandler
                0x080025d4                I2C1_EV_IRQHandler
                0x080025d4                DMA1_Channel6_IRQHandler
                0x080025d4                TIM3_IRQHandler
                0x080025d4                RCC_IRQHandler
                0x080025d4                TIM1_TRG_COM_IRQHandler
                0x080025d4                Default_Handler
                0x080025d4                EXTI15_10_IRQHandler
                0x080025d4                EXTI9_5_IRQHandler
                0x080025d4                SPI2_IRQHandler
                0x080025d4                DMA1_Channel5_IRQHandler
                0x080025d4                EXTI4_IRQHandler
                0x080025d4                USB_LP_CAN1_RX0_IRQHandler
                0x080025d4                USB_HP_CAN1_TX_IRQHandler
                0x080025d4                DMA1_Channel3_IRQHandler
                0x080025d4                TIM1_UP_IRQHandler
                0x080025d4                WWDG_IRQHandler
                0x080025d4                TIM1_BRK_IRQHandler
                0x080025d4                EXTI1_IRQHandler
                0x080025d4                USART2_IRQHandler
                0x080025d4                I2C2_ER_IRQHandler
                0x080025d4                DMA1_Channel2_IRQHandler
                0x080025d4                CAN1_SCE_IRQHandler
                0x080025d4                FLASH_IRQHandler
                0x080025d4                USART1_IRQHandler
                0x080025d4                I2C1_ER_IRQHandler
                0x080025d4                USBWakeUp_IRQHandler
 *fill*         0x080025d6        0x2 
 .text.HAL_Init
                0x080025d8       0x2c ./Drivers/STM32F1xx_HAL_Driver/Src/stm32f1xx_hal.o
                0x080025d8                HAL_Init
 .text.HAL_InitTick
                0x08002604       0x60 ./Drivers/STM32F1xx_HAL_Driver/Src/stm32f1xx_hal.o
                0x08002604                HAL_InitTick
 .text.HAL_IncTick
                0x08002664       0x24 ./Drivers/STM32F1xx_HAL_Driver/Src/stm32f1xx_hal.o
                0x08002664                HAL_IncTick
 .text.HAL_GetTick
                0x08002688       0x14 ./Drivers/STM32F1xx_HAL_Driver/Src/stm32f1xx_hal.o
                0x08002688                HAL_GetTick
 .text.HAL_Delay
                0x0800269c       0x48 ./Drivers/STM32F1xx_HAL_Driver/Src/stm32f1xx_hal.o
                0x0800269c                HAL_Delay
 .text.HAL_ADC_Init
                0x080026e4      0x1b0 ./Drivers/STM32F1xx_HAL_Driver/Src/stm32f1xx_hal_adc.o
                0x080026e4                HAL_ADC_Init
 .text.HAL_ADC_Start_DMA
                0x08002894      0x1bc ./Drivers/STM32F1xx_HAL_Driver/Src/stm32f1xx_hal_adc.o
                0x08002894                HAL_ADC_Start_DMA
 .text.HAL_ADC_ConvHalfCpltCallback
                0x08002a50       0x12 ./Drivers/STM32F1xx_HAL_Driver/Src/stm32f1xx_hal_adc.o
                0x08002a50                HAL_ADC_ConvHalfCpltCallback
 .text.HAL_ADC_ErrorCallback
                0x08002a62       0x12 ./Drivers/STM32F1xx_HAL_Driver/Src/stm32f1xx_hal_adc.o
                0x08002a62                HAL_ADC_ErrorCallback
 .text.HAL_ADC_ConfigChannel
                0x08002a74      0x1f0 ./Drivers/STM32F1xx_HAL_Driver/Src/stm32f1xx_hal_adc.o
                0x08002a74                HAL_ADC_ConfigChannel
 .text.HAL_ADC_GetState
                0x08002c64       0x16 ./Drivers/STM32F1xx_HAL_Driver/Src/stm32f1xx_hal_adc.o
                0x08002c64                HAL_ADC_GetState
 *fill*         0x08002c7a        0x2 
 .text.ADC_Enable
                0x08002c7c       0xb4 ./Drivers/STM32F1xx_HAL_Driver/Src/stm32f1xx_hal_adc.o
                0x08002c7c                ADC_Enable
 .text.ADC_ConversionStop_Disable
                0x08002d30       0x82 ./Drivers/STM32F1xx_HAL_Driver/Src/stm32f1xx_hal_adc.o
                0x08002d30                ADC_ConversionStop_Disable
 .text.ADC_DMAConvCplt
                0x08002db2       0x7c ./Drivers/STM32F1xx_HAL_Driver/Src/stm32f1xx_hal_adc.o
                0x08002db2                ADC_DMAConvCplt
 .text.ADC_DMAHalfConvCplt
                0x08002e2e       0x1c ./Drivers/STM32F1xx_HAL_Driver/Src/stm32f1xx_hal_adc.o
                0x08002e2e                ADC_DMAHalfConvCplt
 .text.ADC_DMAError
                0x08002e4a       0x34 ./Drivers/STM32F1xx_HAL_Driver/Src/stm32f1xx_hal_adc.o
                0x08002e4a                ADC_DMAError
 *fill*         0x08002e7e        0x2 
 .text.HAL_ADCEx_Calibration_Start
                0x08002e80      0x15c ./Drivers/STM32F1xx_HAL_Driver/Src/stm32f1xx_hal_adc_ex.o
                0x08002e80                HAL_ADCEx_Calibration_Start
 .text.__NVIC_SetPriorityGrouping
                0x08002fdc       0x48 ./Drivers/STM32F1xx_HAL_Driver/Src/stm32f1xx_hal_cortex.o
 .text.__NVIC_GetPriorityGrouping
                0x08003024       0x1c ./Drivers/STM32F1xx_HAL_Driver/Src/stm32f1xx_hal_cortex.o
 .text.__NVIC_EnableIRQ
                0x08003040       0x38 ./Drivers/STM32F1xx_HAL_Driver/Src/stm32f1xx_hal_cortex.o
 .text.__NVIC_SetPriority
                0x08003078       0x54 ./Drivers/STM32F1xx_HAL_Driver/Src/stm32f1xx_hal_cortex.o
 .text.NVIC_EncodePriority
                0x080030cc       0x64 ./Drivers/STM32F1xx_HAL_Driver/Src/stm32f1xx_hal_cortex.o
 .text.SysTick_Config
                0x08003130       0x44 ./Drivers/STM32F1xx_HAL_Driver/Src/stm32f1xx_hal_cortex.o
 .text.HAL_NVIC_SetPriorityGrouping
                0x08003174       0x16 ./Drivers/STM32F1xx_HAL_Driver/Src/stm32f1xx_hal_cortex.o
                0x08003174                HAL_NVIC_SetPriorityGrouping
 .text.HAL_NVIC_SetPriority
                0x0800318a       0x38 ./Drivers/STM32F1xx_HAL_Driver/Src/stm32f1xx_hal_cortex.o
                0x0800318a                HAL_NVIC_SetPriority
 .text.HAL_NVIC_EnableIRQ
                0x080031c2       0x1c ./Drivers/STM32F1xx_HAL_Driver/Src/stm32f1xx_hal_cortex.o
                0x080031c2                HAL_NVIC_EnableIRQ
 .text.HAL_SYSTICK_Config
                0x080031de       0x18 ./Drivers/STM32F1xx_HAL_Driver/Src/stm32f1xx_hal_cortex.o
                0x080031de                HAL_SYSTICK_Config
 *fill*         0x080031f6        0x2 
 .text.HAL_DMA_Init
                0x080031f8       0xb4 ./Drivers/STM32F1xx_HAL_Driver/Src/stm32f1xx_hal_dma.o
                0x080031f8                HAL_DMA_Init
 .text.HAL_DMA_Start_IT
                0x080032ac       0xc0 ./Drivers/STM32F1xx_HAL_Driver/Src/stm32f1xx_hal_dma.o
                0x080032ac                HAL_DMA_Start_IT
 .text.HAL_DMA_IRQHandler
                0x0800336c      0x20c ./Drivers/STM32F1xx_HAL_Driver/Src/stm32f1xx_hal_dma.o
                0x0800336c                HAL_DMA_IRQHandler
 .text.DMA_SetConfig
                0x08003578       0x5a ./Drivers/STM32F1xx_HAL_Driver/Src/stm32f1xx_hal_dma.o
 *fill*         0x080035d2        0x2 
 .text.HAL_FLASH_Program
                0x080035d4       0xe0 ./Drivers/STM32F1xx_HAL_Driver/Src/stm32f1xx_hal_flash.o
                0x080035d4                HAL_FLASH_Program
 .text.HAL_FLASH_Unlock
                0x080036b4       0x4c ./Drivers/STM32F1xx_HAL_Driver/Src/stm32f1xx_hal_flash.o
                0x080036b4                HAL_FLASH_Unlock
 .text.HAL_FLASH_Lock
                0x08003700       0x20 ./Drivers/STM32F1xx_HAL_Driver/Src/stm32f1xx_hal_flash.o
                0x08003700                HAL_FLASH_Lock
 .text.FLASH_Program_HalfWord
                0x08003720       0x38 ./Drivers/STM32F1xx_HAL_Driver/Src/stm32f1xx_hal_flash.o
 .text.FLASH_WaitForLastOperation
                0x08003758       0x8c ./Drivers/STM32F1xx_HAL_Driver/Src/stm32f1xx_hal_flash.o
                0x08003758                FLASH_WaitForLastOperation
 .text.FLASH_SetErrorCode
                0x080037e4       0xa0 ./Drivers/STM32F1xx_HAL_Driver/Src/stm32f1xx_hal_flash.o
 .text.HAL_FLASHEx_Erase
                0x08003884       0xd8 ./Drivers/STM32F1xx_HAL_Driver/Src/stm32f1xx_hal_flash_ex.o
                0x08003884                HAL_FLASHEx_Erase
 .text.FLASH_MassErase
                0x0800395c       0x38 ./Drivers/STM32F1xx_HAL_Driver/Src/stm32f1xx_hal_flash_ex.o
 .text.FLASH_PageErase
                0x08003994       0x40 ./Drivers/STM32F1xx_HAL_Driver/Src/stm32f1xx_hal_flash_ex.o
                0x08003994                FLASH_PageErase
 .text.HAL_GPIO_Init
                0x080039d4      0x308 ./Drivers/STM32F1xx_HAL_Driver/Src/stm32f1xx_hal_gpio.o
                0x080039d4                HAL_GPIO_Init
 .text.HAL_GPIO_ReadPin
                0x08003cdc       0x2e ./Drivers/STM32F1xx_HAL_Driver/Src/stm32f1xx_hal_gpio.o
                0x08003cdc                HAL_GPIO_ReadPin
 *fill*         0x08003d0a        0x2 
 .text.HAL_I2C_Init
                0x08003d0c      0x288 ./Drivers/STM32F1xx_HAL_Driver/Src/stm32f1xx_hal_i2c.o
                0x08003d0c                HAL_I2C_Init
 .text.HAL_I2C_Master_Transmit
                0x08003f94      0x1fc ./Drivers/STM32F1xx_HAL_Driver/Src/stm32f1xx_hal_i2c.o
                0x08003f94                HAL_I2C_Master_Transmit
 .text.HAL_I2C_Master_Receive
                0x08004190      0x4d8 ./Drivers/STM32F1xx_HAL_Driver/Src/stm32f1xx_hal_i2c.o
                0x08004190                HAL_I2C_Master_Receive
 .text.HAL_I2C_IsDeviceReady
                0x08004668      0x25c ./Drivers/STM32F1xx_HAL_Driver/Src/stm32f1xx_hal_i2c.o
                0x08004668                HAL_I2C_IsDeviceReady
 .text.I2C_MasterRequestWrite
                0x080048c4      0x104 ./Drivers/STM32F1xx_HAL_Driver/Src/stm32f1xx_hal_i2c.o
 .text.I2C_MasterRequestRead
                0x080049c8      0x19c ./Drivers/STM32F1xx_HAL_Driver/Src/stm32f1xx_hal_i2c.o
 .text.I2C_WaitOnFlagUntilTimeout
                0x08004b64       0xf4 ./Drivers/STM32F1xx_HAL_Driver/Src/stm32f1xx_hal_i2c.o
 .text.I2C_WaitOnMasterAddressFlagUntilTimeout
                0x08004c58      0x140 ./Drivers/STM32F1xx_HAL_Driver/Src/stm32f1xx_hal_i2c.o
 .text.I2C_WaitOnTXEFlagUntilTimeout
                0x08004d98       0x90 ./Drivers/STM32F1xx_HAL_Driver/Src/stm32f1xx_hal_i2c.o
 .text.I2C_WaitOnBTFFlagUntilTimeout
                0x08004e28       0x90 ./Drivers/STM32F1xx_HAL_Driver/Src/stm32f1xx_hal_i2c.o
 .text.I2C_WaitOnRXNEFlagUntilTimeout
                0x08004eb8       0xba ./Drivers/STM32F1xx_HAL_Driver/Src/stm32f1xx_hal_i2c.o
 .text.I2C_IsAcknowledgeFailed
                0x08004f72       0x5c ./Drivers/STM32F1xx_HAL_Driver/Src/stm32f1xx_hal_i2c.o
 *fill*         0x08004fce        0x2 
 .text.HAL_RCC_OscConfig
                0x08004fd0      0x504 ./Drivers/STM32F1xx_HAL_Driver/Src/stm32f1xx_hal_rcc.o
                0x08004fd0                HAL_RCC_OscConfig
 .text.HAL_RCC_ClockConfig
                0x080054d4      0x1d4 ./Drivers/STM32F1xx_HAL_Driver/Src/stm32f1xx_hal_rcc.o
                0x080054d4                HAL_RCC_ClockConfig
 .text.HAL_RCC_GetSysClockFreq
                0x080056a8       0xa8 ./Drivers/STM32F1xx_HAL_Driver/Src/stm32f1xx_hal_rcc.o
                0x080056a8                HAL_RCC_GetSysClockFreq
 .text.HAL_RCC_GetHCLKFreq
                0x08005750       0x14 ./Drivers/STM32F1xx_HAL_Driver/Src/stm32f1xx_hal_rcc.o
                0x08005750                HAL_RCC_GetHCLKFreq
 .text.HAL_RCC_GetPCLK1Freq
                0x08005764       0x28 ./Drivers/STM32F1xx_HAL_Driver/Src/stm32f1xx_hal_rcc.o
                0x08005764                HAL_RCC_GetPCLK1Freq
 .text.HAL_RCC_GetPCLK2Freq
                0x0800578c       0x28 ./Drivers/STM32F1xx_HAL_Driver/Src/stm32f1xx_hal_rcc.o
                0x0800578c                HAL_RCC_GetPCLK2Freq
 .text.RCC_Delay
                0x080057b4       0x3c ./Drivers/STM32F1xx_HAL_Driver/Src/stm32f1xx_hal_rcc.o
 .text.HAL_RCCEx_PeriphCLKConfig
                0x080057f0      0x16c ./Drivers/STM32F1xx_HAL_Driver/Src/stm32f1xx_hal_rcc_ex.o
                0x080057f0                HAL_RCCEx_PeriphCLKConfig
 .text.HAL_RCCEx_GetPeriphCLKFreq
                0x0800595c      0x16c ./Drivers/STM32F1xx_HAL_Driver/Src/stm32f1xx_hal_rcc_ex.o
                0x0800595c                HAL_RCCEx_GetPeriphCLKFreq
 .text.HAL_TIM_Base_Init
                0x08005ac8       0x9e ./Drivers/STM32F1xx_HAL_Driver/Src/stm32f1xx_hal_tim.o
                0x08005ac8                HAL_TIM_Base_Init
 *fill*         0x08005b66        0x2 
 .text.HAL_TIM_Base_Start_IT
                0x08005b68       0xa4 ./Drivers/STM32F1xx_HAL_Driver/Src/stm32f1xx_hal_tim.o
                0x08005b68                HAL_TIM_Base_Start_IT
 .text.HAL_TIM_Base_Stop_IT
                0x08005c0c       0x5c ./Drivers/STM32F1xx_HAL_Driver/Src/stm32f1xx_hal_tim.o
                0x08005c0c                HAL_TIM_Base_Stop_IT
 .text.HAL_TIM_PWM_Init
                0x08005c68       0x9e ./Drivers/STM32F1xx_HAL_Driver/Src/stm32f1xx_hal_tim.o
                0x08005c68                HAL_TIM_PWM_Init
 .text.HAL_TIM_PWM_MspInit
                0x08005d06       0x12 ./Drivers/STM32F1xx_HAL_Driver/Src/stm32f1xx_hal_tim.o
                0x08005d06                HAL_TIM_PWM_MspInit
 .text.HAL_TIM_PWM_Start
                0x08005d18      0x144 ./Drivers/STM32F1xx_HAL_Driver/Src/stm32f1xx_hal_tim.o
                0x08005d18                HAL_TIM_PWM_Start
 .text.HAL_TIM_IRQHandler
                0x08005e5c      0x1e0 ./Drivers/STM32F1xx_HAL_Driver/Src/stm32f1xx_hal_tim.o
                0x08005e5c                HAL_TIM_IRQHandler
 .text.HAL_TIM_PWM_ConfigChannel
                0x0800603c      0x184 ./Drivers/STM32F1xx_HAL_Driver/Src/stm32f1xx_hal_tim.o
                0x0800603c                HAL_TIM_PWM_ConfigChannel
 .text.HAL_TIM_ConfigClockSource
                0x080061c0      0x18e ./Drivers/STM32F1xx_HAL_Driver/Src/stm32f1xx_hal_tim.o
                0x080061c0                HAL_TIM_ConfigClockSource
 .text.HAL_TIM_PeriodElapsedCallback
                0x0800634e       0x12 ./Drivers/STM32F1xx_HAL_Driver/Src/stm32f1xx_hal_tim.o
                0x0800634e                HAL_TIM_PeriodElapsedCallback
 .text.HAL_TIM_OC_DelayElapsedCallback
                0x08006360       0x12 ./Drivers/STM32F1xx_HAL_Driver/Src/stm32f1xx_hal_tim.o
                0x08006360                HAL_TIM_OC_DelayElapsedCallback
 .text.HAL_TIM_IC_CaptureCallback
                0x08006372       0x12 ./Drivers/STM32F1xx_HAL_Driver/Src/stm32f1xx_hal_tim.o
                0x08006372                HAL_TIM_IC_CaptureCallback
 .text.HAL_TIM_PWM_PulseFinishedCallback
                0x08006384       0x12 ./Drivers/STM32F1xx_HAL_Driver/Src/stm32f1xx_hal_tim.o
                0x08006384                HAL_TIM_PWM_PulseFinishedCallback
 .text.HAL_TIM_TriggerCallback
                0x08006396       0x12 ./Drivers/STM32F1xx_HAL_Driver/Src/stm32f1xx_hal_tim.o
                0x08006396                HAL_TIM_TriggerCallback
 .text.TIM_Base_SetConfig
                0x080063a8       0xdc ./Drivers/STM32F1xx_HAL_Driver/Src/stm32f1xx_hal_tim.o
                0x080063a8                TIM_Base_SetConfig
 .text.TIM_OC1_SetConfig
                0x08006484       0xcc ./Drivers/STM32F1xx_HAL_Driver/Src/stm32f1xx_hal_tim.o
 .text.TIM_OC2_SetConfig
                0x08006550       0xd4 ./Drivers/STM32F1xx_HAL_Driver/Src/stm32f1xx_hal_tim.o
                0x08006550                TIM_OC2_SetConfig
 .text.TIM_OC3_SetConfig
                0x08006624       0xd4 ./Drivers/STM32F1xx_HAL_Driver/Src/stm32f1xx_hal_tim.o
 .text.TIM_OC4_SetConfig
                0x080066f8       0x9c ./Drivers/STM32F1xx_HAL_Driver/Src/stm32f1xx_hal_tim.o
 .text.TIM_TI1_ConfigInputStage
                0x08006794       0x5c ./Drivers/STM32F1xx_HAL_Driver/Src/stm32f1xx_hal_tim.o
 .text.TIM_TI2_ConfigInputStage
                0x080067f0       0x5e ./Drivers/STM32F1xx_HAL_Driver/Src/stm32f1xx_hal_tim.o
 .text.TIM_ITRx_SetConfig
                0x0800684e       0x34 ./Drivers/STM32F1xx_HAL_Driver/Src/stm32f1xx_hal_tim.o
 .text.TIM_ETR_SetConfig
                0x08006882       0x3e ./Drivers/STM32F1xx_HAL_Driver/Src/stm32f1xx_hal_tim.o
                0x08006882                TIM_ETR_SetConfig
 .text.TIM_CCxChannelCmd
                0x080068c0       0x48 ./Drivers/STM32F1xx_HAL_Driver/Src/stm32f1xx_hal_tim.o
                0x080068c0                TIM_CCxChannelCmd
 .text.HAL_TIMEx_MasterConfigSynchronization
                0x08006908       0xbc ./Drivers/STM32F1xx_HAL_Driver/Src/stm32f1xx_hal_tim_ex.o
                0x08006908                HAL_TIMEx_MasterConfigSynchronization
 .text.HAL_TIMEx_CommutCallback
                0x080069c4       0x12 ./Drivers/STM32F1xx_HAL_Driver/Src/stm32f1xx_hal_tim_ex.o
                0x080069c4                HAL_TIMEx_CommutCallback
 .text.HAL_TIMEx_BreakCallback
                0x080069d6       0x12 ./Drivers/STM32F1xx_HAL_Driver/Src/stm32f1xx_hal_tim_ex.o
                0x080069d6                HAL_TIMEx_BreakCallback
 .text.sprintf  0x080069e8       0x40 C:/ST/STM32CubeIDE_1.16.1/STM32CubeIDE/plugins/com.st.stm32cube.ide.mcu.externaltools.gnu-tools-for-stm32.12.3.rel1.win32_1.0.200.202406191623/tools/bin/../lib/gcc/arm-none-eabi/12.3.1/../../../../arm-none-eabi/lib/thumb/v7-m/nofp\libc_nano.a(libc_a-sprintf.o)
                0x080069e8                siprintf
                0x080069e8                sprintf
 .text.memset   0x08006a28       0x10 C:/ST/STM32CubeIDE_1.16.1/STM32CubeIDE/plugins/com.st.stm32cube.ide.mcu.externaltools.gnu-tools-for-stm32.12.3.rel1.win32_1.0.200.202406191623/tools/bin/../lib/gcc/arm-none-eabi/12.3.1/../../../../arm-none-eabi/lib/thumb/v7-m/nofp\libc_nano.a(libc_a-memset.o)
                0x08006a28                memset
 .text.__errno  0x08006a38        0xc C:/ST/STM32CubeIDE_1.16.1/STM32CubeIDE/plugins/com.st.stm32cube.ide.mcu.externaltools.gnu-tools-for-stm32.12.3.rel1.win32_1.0.200.202406191623/tools/bin/../lib/gcc/arm-none-eabi/12.3.1/../../../../arm-none-eabi/lib/thumb/v7-m/nofp\libc_nano.a(libc_a-errno.o)
                0x08006a38                __errno
 .text.__libc_init_array
                0x08006a44       0x48 C:/ST/STM32CubeIDE_1.16.1/STM32CubeIDE/plugins/com.st.stm32cube.ide.mcu.externaltools.gnu-tools-for-stm32.12.3.rel1.win32_1.0.200.202406191623/tools/bin/../lib/gcc/arm-none-eabi/12.3.1/../../../../arm-none-eabi/lib/thumb/v7-m/nofp\libc_nano.a(libc_a-init.o)
                0x08006a44                __libc_init_array
 .text.__retarget_lock_acquire_recursive
                0x08006a8c        0x2 C:/ST/STM32CubeIDE_1.16.1/STM32CubeIDE/plugins/com.st.stm32cube.ide.mcu.externaltools.gnu-tools-for-stm32.12.3.rel1.win32_1.0.200.202406191623/tools/bin/../lib/gcc/arm-none-eabi/12.3.1/../../../../arm-none-eabi/lib/thumb/v7-m/nofp\libc_nano.a(libc_a-lock.o)
                0x08006a8c                __retarget_lock_acquire_recursive
 .text.__retarget_lock_release_recursive
                0x08006a8e        0x2 C:/ST/STM32CubeIDE_1.16.1/STM32CubeIDE/plugins/com.st.stm32cube.ide.mcu.externaltools.gnu-tools-for-stm32.12.3.rel1.win32_1.0.200.202406191623/tools/bin/../lib/gcc/arm-none-eabi/12.3.1/../../../../arm-none-eabi/lib/thumb/v7-m/nofp\libc_nano.a(libc_a-lock.o)
                0x08006a8e                __retarget_lock_release_recursive
 .text.memcpy   0x08006a90       0x1c C:/ST/STM32CubeIDE_1.16.1/STM32CubeIDE/plugins/com.st.stm32cube.ide.mcu.externaltools.gnu-tools-for-stm32.12.3.rel1.win32_1.0.200.202406191623/tools/bin/../lib/gcc/arm-none-eabi/12.3.1/../../../../arm-none-eabi/lib/thumb/v7-m/nofp\libc_nano.a(libc_a-memcpy-stub.o)
                0x08006a90                memcpy
 .text._free_r  0x08006aac       0x90 C:/ST/STM32CubeIDE_1.16.1/STM32CubeIDE/plugins/com.st.stm32cube.ide.mcu.externaltools.gnu-tools-for-stm32.12.3.rel1.win32_1.0.200.202406191623/tools/bin/../lib/gcc/arm-none-eabi/12.3.1/../../../../arm-none-eabi/lib/thumb/v7-m/nofp\libc_nano.a(libc_a-freer.o)
                0x08006aac                _free_r
 .text.sbrk_aligned
                0x08006b3c       0x44 C:/ST/STM32CubeIDE_1.16.1/STM32CubeIDE/plugins/com.st.stm32cube.ide.mcu.externaltools.gnu-tools-for-stm32.12.3.rel1.win32_1.0.200.202406191623/tools/bin/../lib/gcc/arm-none-eabi/12.3.1/../../../../arm-none-eabi/lib/thumb/v7-m/nofp\libc_nano.a(libc_a-mallocr.o)
 .text._malloc_r
                0x08006b80      0x100 C:/ST/STM32CubeIDE_1.16.1/STM32CubeIDE/plugins/com.st.stm32cube.ide.mcu.externaltools.gnu-tools-for-stm32.12.3.rel1.win32_1.0.200.202406191623/tools/bin/../lib/gcc/arm-none-eabi/12.3.1/../../../../arm-none-eabi/lib/thumb/v7-m/nofp\libc_nano.a(libc_a-mallocr.o)
                0x08006b80                _malloc_r
 .text.__malloc_lock
                0x08006c80        0xc C:/ST/STM32CubeIDE_1.16.1/STM32CubeIDE/plugins/com.st.stm32cube.ide.mcu.externaltools.gnu-tools-for-stm32.12.3.rel1.win32_1.0.200.202406191623/tools/bin/../lib/gcc/arm-none-eabi/12.3.1/../../../../arm-none-eabi/lib/thumb/v7-m/nofp\libc_nano.a(libc_a-mlock.o)
                0x08006c80                __malloc_lock
 .text.__malloc_unlock
                0x08006c8c        0xc C:/ST/STM32CubeIDE_1.16.1/STM32CubeIDE/plugins/com.st.stm32cube.ide.mcu.externaltools.gnu-tools-for-stm32.12.3.rel1.win32_1.0.200.202406191623/tools/bin/../lib/gcc/arm-none-eabi/12.3.1/../../../../arm-none-eabi/lib/thumb/v7-m/nofp\libc_nano.a(libc_a-mlock.o)
                0x08006c8c                __malloc_unlock
 .text.__ssputs_r
                0x08006c98       0xb6 C:/ST/STM32CubeIDE_1.16.1/STM32CubeIDE/plugins/com.st.stm32cube.ide.mcu.externaltools.gnu-tools-for-stm32.12.3.rel1.win32_1.0.200.202406191623/tools/bin/../lib/gcc/arm-none-eabi/12.3.1/../../../../arm-none-eabi/lib/thumb/v7-m/nofp\libc_nano.a(libc_a-nano-svfprintf.o)
                0x08006c98                __ssputs_r
 *fill*         0x08006d4e        0x2 
 .text._svfprintf_r
                0x08006d50      0x1f8 C:/ST/STM32CubeIDE_1.16.1/STM32CubeIDE/plugins/com.st.stm32cube.ide.mcu.externaltools.gnu-tools-for-stm32.12.3.rel1.win32_1.0.200.202406191623/tools/bin/../lib/gcc/arm-none-eabi/12.3.1/../../../../arm-none-eabi/lib/thumb/v7-m/nofp\libc_nano.a(libc_a-nano-svfprintf.o)
                0x08006d50                _svfiprintf_r
                0x08006d50                _svfprintf_r
 .text._printf_common
                0x08006f48       0xe4 C:/ST/STM32CubeIDE_1.16.1/STM32CubeIDE/plugins/com.st.stm32cube.ide.mcu.externaltools.gnu-tools-for-stm32.12.3.rel1.win32_1.0.200.202406191623/tools/bin/../lib/gcc/arm-none-eabi/12.3.1/../../../../arm-none-eabi/lib/thumb/v7-m/nofp\libc_nano.a(libc_a-nano-vfprintf_i.o)
                0x08006f48                _printf_common
 .text._printf_i
                0x0800702c      0x240 C:/ST/STM32CubeIDE_1.16.1/STM32CubeIDE/plugins/com.st.stm32cube.ide.mcu.externaltools.gnu-tools-for-stm32.12.3.rel1.win32_1.0.200.202406191623/tools/bin/../lib/gcc/arm-none-eabi/12.3.1/../../../../arm-none-eabi/lib/thumb/v7-m/nofp\libc_nano.a(libc_a-nano-vfprintf_i.o)
                0x0800702c                _printf_i
 .text.memmove  0x0800726c       0x34 C:/ST/STM32CubeIDE_1.16.1/STM32CubeIDE/plugins/com.st.stm32cube.ide.mcu.externaltools.gnu-tools-for-stm32.12.3.rel1.win32_1.0.200.202406191623/tools/bin/../lib/gcc/arm-none-eabi/12.3.1/../../../../arm-none-eabi/lib/thumb/v7-m/nofp\libc_nano.a(libc_a-memmove.o)
                0x0800726c                memmove
 .text._sbrk_r  0x080072a0       0x20 C:/ST/STM32CubeIDE_1.16.1/STM32CubeIDE/plugins/com.st.stm32cube.ide.mcu.externaltools.gnu-tools-for-stm32.12.3.rel1.win32_1.0.200.202406191623/tools/bin/../lib/gcc/arm-none-eabi/12.3.1/../../../../arm-none-eabi/lib/thumb/v7-m/nofp\libc_nano.a(libc_a-sbrkr.o)
                0x080072a0                _sbrk_r
 .text.memchr   0x080072c0       0x1c C:/ST/STM32CubeIDE_1.16.1/STM32CubeIDE/plugins/com.st.stm32cube.ide.mcu.externaltools.gnu-tools-for-stm32.12.3.rel1.win32_1.0.200.202406191623/tools/bin/../lib/gcc/arm-none-eabi/12.3.1/../../../../arm-none-eabi/lib/thumb/v7-m/nofp\libc_nano.a(libc_a-memchr-stub.o)
                0x080072c0                memchr
 .text._realloc_r
                0x080072dc       0x5c C:/ST/STM32CubeIDE_1.16.1/STM32CubeIDE/plugins/com.st.stm32cube.ide.mcu.externaltools.gnu-tools-for-stm32.12.3.rel1.win32_1.0.200.202406191623/tools/bin/../lib/gcc/arm-none-eabi/12.3.1/../../../../arm-none-eabi/lib/thumb/v7-m/nofp\libc_nano.a(libc_a-reallocr.o)
                0x080072dc                _realloc_r
 .text._malloc_usable_size_r
                0x08007338       0x10 C:/ST/STM32CubeIDE_1.16.1/STM32CubeIDE/plugins/com.st.stm32cube.ide.mcu.externaltools.gnu-tools-for-stm32.12.3.rel1.win32_1.0.200.202406191623/tools/bin/../lib/gcc/arm-none-eabi/12.3.1/../../../../arm-none-eabi/lib/thumb/v7-m/nofp\libc_nano.a(libc_a-msizer.o)
                0x08007338                _malloc_usable_size_r
 *(.glue_7)
 .glue_7        0x08007348        0x0 linker stubs
 *(.glue_7t)
 .glue_7t       0x08007348        0x0 linker stubs
 *(.eh_frame)
 .eh_frame      0x08007348        0x0 C:/ST/STM32CubeIDE_1.16.1/STM32CubeIDE/plugins/com.st.stm32cube.ide.mcu.externaltools.gnu-tools-for-stm32.12.3.rel1.win32_1.0.200.202406191623/tools/bin/../lib/gcc/arm-none-eabi/12.3.1/thumb/v7-m/nofp/crtbegin.o
 *(.init)
 .init          0x08007348        0x4 C:/ST/STM32CubeIDE_1.16.1/STM32CubeIDE/plugins/com.st.stm32cube.ide.mcu.externaltools.gnu-tools-for-stm32.12.3.rel1.win32_1.0.200.202406191623/tools/bin/../lib/gcc/arm-none-eabi/12.3.1/thumb/v7-m/nofp/crti.o
                0x08007348                _init
 .init          0x0800734c        0x8 C:/ST/STM32CubeIDE_1.16.1/STM32CubeIDE/plugins/com.st.stm32cube.ide.mcu.externaltools.gnu-tools-for-stm32.12.3.rel1.win32_1.0.200.202406191623/tools/bin/../lib/gcc/arm-none-eabi/12.3.1/thumb/v7-m/nofp/crtn.o
 *(.fini)
 .fini          0x08007354        0x4 C:/ST/STM32CubeIDE_1.16.1/STM32CubeIDE/plugins/com.st.stm32cube.ide.mcu.externaltools.gnu-tools-for-stm32.12.3.rel1.win32_1.0.200.202406191623/tools/bin/../lib/gcc/arm-none-eabi/12.3.1/thumb/v7-m/nofp/crti.o
                0x08007354                _fini
 .fini          0x08007358        0x8 C:/ST/STM32CubeIDE_1.16.1/STM32CubeIDE/plugins/com.st.stm32cube.ide.mcu.externaltools.gnu-tools-for-stm32.12.3.rel1.win32_1.0.200.202406191623/tools/bin/../lib/gcc/arm-none-eabi/12.3.1/thumb/v7-m/nofp/crtn.o
                0x08007360                        . = ALIGN (0x4)
                0x08007360                        _etext = .

.vfp11_veneer   0x08007360        0x0
 .vfp11_veneer  0x08007360        0x0 linker stubs

.v4_bx          0x08007360        0x0
 .v4_bx         0x08007360        0x0 linker stubs

.iplt           0x08007360        0x0
 .iplt          0x08007360        0x0 C:/ST/STM32CubeIDE_1.16.1/STM32CubeIDE/plugins/com.st.stm32cube.ide.mcu.externaltools.gnu-tools-for-stm32.12.3.rel1.win32_1.0.200.202406191623/tools/bin/../lib/gcc/arm-none-eabi/12.3.1/thumb/v7-m/nofp/crtbegin.o

.rodata         0x08007360       0xac
                0x08007360                        . = ALIGN (0x4)
 *(.rodata)
 .rodata        0x08007360       0x2b ./Core/Src/display.o
 *fill*         0x0800738b        0x1 
 .rodata        0x0800738c        0xc ./Core/Src/timer.o
 *(.rodata*)
 .rodata.AHBPrescTable
                0x08007398       0x10 ./Core/Src/system_stm32f1xx.o
                0x08007398                AHBPrescTable
 .rodata.APBPrescTable
                0x080073a8        0x8 ./Core/Src/system_stm32f1xx.o
                0x080073a8                APBPrescTable
 .rodata.aPLLMULFactorTable.1
                0x080073b0       0x10 ./Drivers/STM32F1xx_HAL_Driver/Src/stm32f1xx_hal_rcc.o
 .rodata.aPredivFactorTable.0
                0x080073c0        0x2 ./Drivers/STM32F1xx_HAL_Driver/Src/stm32f1xx_hal_rcc.o
 *fill*         0x080073c2        0x2 
 .rodata.aPLLMULFactorTable.1
                0x080073c4       0x10 ./Drivers/STM32F1xx_HAL_Driver/Src/stm32f1xx_hal_rcc_ex.o
 .rodata.aPredivFactorTable.0
                0x080073d4        0x2 ./Drivers/STM32F1xx_HAL_Driver/Src/stm32f1xx_hal_rcc_ex.o
 .rodata._svfprintf_r.str1.1
                0x080073d6       0x11 C:/ST/STM32CubeIDE_1.16.1/STM32CubeIDE/plugins/com.st.stm32cube.ide.mcu.externaltools.gnu-tools-for-stm32.12.3.rel1.win32_1.0.200.202406191623/tools/bin/../lib/gcc/arm-none-eabi/12.3.1/../../../../arm-none-eabi/lib/thumb/v7-m/nofp\libc_nano.a(libc_a-nano-svfprintf.o)
 .rodata._printf_i.str1.1
                0x080073e7       0x22 C:/ST/STM32CubeIDE_1.16.1/STM32CubeIDE/plugins/com.st.stm32cube.ide.mcu.externaltools.gnu-tools-for-stm32.12.3.rel1.win32_1.0.200.202406191623/tools/bin/../lib/gcc/arm-none-eabi/12.3.1/../../../../arm-none-eabi/lib/thumb/v7-m/nofp\libc_nano.a(libc_a-nano-vfprintf_i.o)
                0x0800740c                        . = ALIGN (0x4)
 *fill*         0x08007409        0x3 

.ARM.extab      0x0800740c        0x0
                0x0800740c                        . = ALIGN (0x4)
 *(.ARM.extab* .gnu.linkonce.armextab.*)
                0x0800740c                        . = ALIGN (0x4)

.ARM            0x0800740c        0x0
                0x0800740c                        . = ALIGN (0x4)
                0x0800740c                        __exidx_start = .
 *(.ARM.exidx*)
                0x0800740c                        __exidx_end = .
                0x0800740c                        . = ALIGN (0x4)

.preinit_array  0x0800740c        0x0
                0x0800740c                        . = ALIGN (0x4)
                0x0800740c                        PROVIDE (__preinit_array_start = .)
 *(.preinit_array*)
                0x0800740c                        PROVIDE (__preinit_array_end = .)
                0x0800740c                        . = ALIGN (0x4)

.init_array     0x0800740c        0x4
                0x0800740c                        . = ALIGN (0x4)
                0x0800740c                        PROVIDE (__init_array_start = .)
 *(SORT_BY_NAME(.init_array.*))
 *(.init_array*)
 .init_array    0x0800740c        0x4 C:/ST/STM32CubeIDE_1.16.1/STM32CubeIDE/plugins/com.st.stm32cube.ide.mcu.externaltools.gnu-tools-for-stm32.12.3.rel1.win32_1.0.200.202406191623/tools/bin/../lib/gcc/arm-none-eabi/12.3.1/thumb/v7-m/nofp/crtbegin.o
                0x08007410                        PROVIDE (__init_array_end = .)
                0x08007410                        . = ALIGN (0x4)

.fini_array     0x08007410        0x4
                0x08007410                        . = ALIGN (0x4)
                [!provide]                        PROVIDE (__fini_array_start = .)
 *(SORT_BY_NAME(.fini_array.*))
 *(.fini_array*)
 .fini_array    0x08007410        0x4 C:/ST/STM32CubeIDE_1.16.1/STM32CubeIDE/plugins/com.st.stm32cube.ide.mcu.externaltools.gnu-tools-for-stm32.12.3.rel1.win32_1.0.200.202406191623/tools/bin/../lib/gcc/arm-none-eabi/12.3.1/thumb/v7-m/nofp/crtbegin.o
                [!provide]                        PROVIDE (__fini_array_end = .)
                0x08007414                        . = ALIGN (0x4)
                0x08007414                        _sidata = LOADADDR (.data)

.rel.dyn        0x08007414        0x0
 .rel.iplt      0x08007414        0x0 C:/ST/STM32CubeIDE_1.16.1/STM32CubeIDE/plugins/com.st.stm32cube.ide.mcu.externaltools.gnu-tools-for-stm32.12.3.rel1.win32_1.0.200.202406191623/tools/bin/../lib/gcc/arm-none-eabi/12.3.1/thumb/v7-m/nofp/crtbegin.o

.data           0x20000000       0x94 load address 0x08007414
                0x20000000                        . = ALIGN (0x4)
                0x20000000                        _sdata = .
 *(.data)
 *(.data*)
 .data.i.0      0x20000000        0x1 ./Core/Src/buzzer.o
 *fill*         0x20000001        0x3 
 .data.temperature
                0x20000004        0xc ./Core/Src/control.o
 .data.humidity
                0x20000010        0xc ./Core/Src/control.o
 .data.mq2_val  0x2000001c        0xc ./Core/Src/control.o
 .data.gaz_filter
                0x20000028        0x4 ./Core/Src/control.o
 .data.temperature_filter
                0x2000002c        0x4 ./Core/Src/control.o
 .data.humidity_filter
                0x20000030        0x4 ./Core/Src/control.o
 .data.SystemCoreClock
                0x20000034        0x4 ./Core/Src/system_stm32f1xx.o
                0x20000034                SystemCoreClock
 .data.current_mode
                0x20000038        0x1 ./Core/Src/timer.o
 *fill*         0x20000039        0x3 
 .data.uwTickPrio
                0x2000003c        0x4 ./Drivers/STM32F1xx_HAL_Driver/Src/stm32f1xx_hal.o
                0x2000003c                uwTickPrio
 .data.uwTickFreq
                0x20000040        0x1 ./Drivers/STM32F1xx_HAL_Driver/Src/stm32f1xx_hal.o
                0x20000040                uwTickFreq
 *fill*         0x20000041        0x3 
 .data._impure_ptr
                0x20000044        0x4 C:/ST/STM32CubeIDE_1.16.1/STM32CubeIDE/plugins/com.st.stm32cube.ide.mcu.externaltools.gnu-tools-for-stm32.12.3.rel1.win32_1.0.200.202406191623/tools/bin/../lib/gcc/arm-none-eabi/12.3.1/../../../../arm-none-eabi/lib/thumb/v7-m/nofp\libc_nano.a(libc_a-impure.o)
                0x20000044                _impure_ptr
 .data._impure_data
                0x20000048       0x4c C:/ST/STM32CubeIDE_1.16.1/STM32CubeIDE/plugins/com.st.stm32cube.ide.mcu.externaltools.gnu-tools-for-stm32.12.3.rel1.win32_1.0.200.202406191623/tools/bin/../lib/gcc/arm-none-eabi/12.3.1/../../../../arm-none-eabi/lib/thumb/v7-m/nofp\libc_nano.a(libc_a-impure.o)
                0x20000048                _impure_data
 *(.RamFunc)
 *(.RamFunc*)
                0x20000094                        . = ALIGN (0x4)
                0x20000094                        _edata = .

.igot.plt       0x20000094        0x0 load address 0x080074a8
 .igot.plt      0x20000094        0x0 C:/ST/STM32CubeIDE_1.16.1/STM32CubeIDE/plugins/com.st.stm32cube.ide.mcu.externaltools.gnu-tools-for-stm32.12.3.rel1.win32_1.0.200.202406191623/tools/bin/../lib/gcc/arm-none-eabi/12.3.1/thumb/v7-m/nofp/crtbegin.o
                0x20000094                        . = ALIGN (0x4)

.bss            0x20000098      0x378 load address 0x080074a8
                0x20000098                        _sbss = .
                0x20000098                        __bss_start__ = _sbss
 *(.bss)
 .bss           0x20000098       0x1c C:/ST/STM32CubeIDE_1.16.1/STM32CubeIDE/plugins/com.st.stm32cube.ide.mcu.externaltools.gnu-tools-for-stm32.12.3.rel1.win32_1.0.200.202406191623/tools/bin/../lib/gcc/arm-none-eabi/12.3.1/thumb/v7-m/nofp/crtbegin.o
 *(.bss*)
 .bss.flag_up   0x200000b4        0x1 ./Core/Src/buttons.o
 *fill*         0x200000b5        0x3 
 .bss.T_up      0x200000b8        0x4 ./Core/Src/buttons.o
 .bss.flag_down
                0x200000bc        0x1 ./Core/Src/buttons.o
 *fill*         0x200000bd        0x3 
 .bss.T_down    0x200000c0        0x4 ./Core/Src/buttons.o
 .bss.flag_left
                0x200000c4        0x1 ./Core/Src/buttons.o
 *fill*         0x200000c5        0x3 
 .bss.T_left    0x200000c8        0x4 ./Core/Src/buttons.o
 .bss.flag_right
                0x200000cc        0x1 ./Core/Src/buttons.o
 *fill*         0x200000cd        0x3 
 .bss.T_right   0x200000d0        0x4 ./Core/Src/buttons.o
 .bss.flag_start_stop
                0x200000d4        0x1 ./Core/Src/buttons.o
 *fill*         0x200000d5        0x3 
 .bss.T_start_stop
                0x200000d8        0x4 ./Core/Src/buttons.o
 .bss.flag_reset
                0x200000dc        0x1 ./Core/Src/buttons.o
 .bss.hold_triggered
                0x200000dd        0x1 ./Core/Src/buttons.o
                0x200000dd                hold_triggered
 *fill*         0x200000de        0x2 
 .bss.T_reset   0x200000e0        0x4 ./Core/Src/buttons.o
 .bss.click_count
                0x200000e4        0x1 ./Core/Src/buttons.o
 *fill*         0x200000e5        0x3 
 .bss.last_click_time
                0x200000e8        0x4 ./Core/Src/buttons.o
 .bss.pending_state
                0x200000ec        0x1 ./Core/Src/buttons.o
 .bss.is_start_timer_time
                0x200000ed        0x1 ./Core/Src/buzzer.o
 *fill*         0x200000ee        0x2 
 .bss.buzzer_start_time
                0x200000f0        0x4 ./Core/Src/buzzer.o
 .bss.buzzer_trigg_time
                0x200000f4        0x4 ./Core/Src/buzzer.o
 .bss.buzzer_work_time
                0x200000f8        0x4 ./Core/Src/buzzer.o
 .bss.currentSignal
                0x200000fc        0x1 ./Core/Src/buzzer.o
 *fill*         0x200000fd        0x3 
 .bss.htim1     0x20000100        0x4 ./Core/Src/buzzer.o
 .bss.cr_pos    0x20000104        0x1 ./Core/Src/control.o
 .bss.pos       0x20000105        0x1 ./Core/Src/control.o
 .bss.hr        0x20000106        0x1 ./Core/Src/control.o
 .bss.mn        0x20000107        0x1 ./Core/Src/control.o
 .bss.current_mode_timer
                0x20000108        0x1 ./Core/Src/control.o
 .bss.previos_mode_timer
                0x20000109        0x1 ./Core/Src/control.o
 *fill*         0x2000010a        0x2 
 .bss.last_read_time.1
                0x2000010c        0x4 ./Core/Src/control.o
 .bss.last_display_update.0
                0x20000110        0x4 ./Core/Src/control.o
 .bss.hi2c1     0x20000114        0x4 ./Core/Src/ds3231.o
 .bss.hi2c1     0x20000118        0x4 ./Core/Src/lcd1602_i2c.o
 .bss.hadc1     0x2000011c       0x30 ./Core/Src/main.o
                0x2000011c                hadc1
 .bss.hdma_adc1
                0x2000014c       0x44 ./Core/Src/main.o
                0x2000014c                hdma_adc1
 .bss.hi2c1     0x20000190       0x54 ./Core/Src/main.o
                0x20000190                hi2c1
 .bss.htim2     0x200001e4       0x48 ./Core/Src/main.o
                0x200001e4                htim2
 .bss.htim4     0x2000022c       0x48 ./Core/Src/main.o
                0x2000022c                htim4
 .bss.hadc1     0x20000274        0x4 ./Core/Src/mq2.o
 .bss.adc_val   0x20000278        0x4 ./Core/Src/mq2.o
 .bss.mq2_data_ready
                0x2000027c        0x1 ./Core/Src/mq2.o
 *fill*         0x2000027d        0x3 
 .bss.hi2c1     0x20000280        0x4 ./Core/Src/sht31.o
 .bss.is_start_mesurement
                0x20000284        0x1 ./Core/Src/sht31.o
 *fill*         0x20000285        0x3 
 .bss.start_mesurement_time
                0x20000288        0x4 ./Core/Src/sht31.o
 .bss.__sbrk_heap_end
                0x2000028c        0x4 ./Core/Src/sysmem.o
 .bss.is_started
                0x20000290        0x1 ./Core/Src/timer.o
 .bss.is_service_mode
                0x20000291        0x1 ./Core/Src/timer.o
 .bss.is_SETTINGS_CURRENT_TIME
                0x20000292        0x1 ./Core/Src/timer.o
 *fill*         0x20000293        0x1 
 .bss.timer_time
                0x20000294        0x4 ./Core/Src/timer.o
 .bss.start_time
                0x20000298        0x4 ./Core/Src/timer.o
 .bss.htim2     0x2000029c        0x4 ./Core/Src/timer.o
 .bss.uwTick    0x200002a0        0x4 ./Drivers/STM32F1xx_HAL_Driver/Src/stm32f1xx_hal.o
                0x200002a0                uwTick
 *fill*         0x200002a4        0x4 
 .bss.pFlash    0x200002a8       0x20 ./Drivers/STM32F1xx_HAL_Driver/Src/stm32f1xx_hal_flash.o
                0x200002a8                pFlash
 .bss.__sf      0x200002c8      0x138 C:/ST/STM32CubeIDE_1.16.1/STM32CubeIDE/plugins/com.st.stm32cube.ide.mcu.externaltools.gnu-tools-for-stm32.12.3.rel1.win32_1.0.200.202406191623/tools/bin/../lib/gcc/arm-none-eabi/12.3.1/../../../../arm-none-eabi/lib/thumb/v7-m/nofp\libc_nano.a(libc_a-findfp.o)
                0x200002c8                __sf
 .bss.errno     0x20000400        0x4 C:/ST/STM32CubeIDE_1.16.1/STM32CubeIDE/plugins/com.st.stm32cube.ide.mcu.externaltools.gnu-tools-for-stm32.12.3.rel1.win32_1.0.200.202406191623/tools/bin/../lib/gcc/arm-none-eabi/12.3.1/../../../../arm-none-eabi/lib/thumb/v7-m/nofp\libc_nano.a(libc_a-reent.o)
                0x20000400                errno
 .bss.__lock___malloc_recursive_mutex
                0x20000404        0x1 C:/ST/STM32CubeIDE_1.16.1/STM32CubeIDE/plugins/com.st.stm32cube.ide.mcu.externaltools.gnu-tools-for-stm32.12.3.rel1.win32_1.0.200.202406191623/tools/bin/../lib/gcc/arm-none-eabi/12.3.1/../../../../arm-none-eabi/lib/thumb/v7-m/nofp\libc_nano.a(libc_a-lock.o)
                0x20000404                __lock___malloc_recursive_mutex
 *fill*         0x20000405        0x3 
 .bss.__malloc_sbrk_start
                0x20000408        0x4 C:/ST/STM32CubeIDE_1.16.1/STM32CubeIDE/plugins/com.st.stm32cube.ide.mcu.externaltools.gnu-tools-for-stm32.12.3.rel1.win32_1.0.200.202406191623/tools/bin/../lib/gcc/arm-none-eabi/12.3.1/../../../../arm-none-eabi/lib/thumb/v7-m/nofp\libc_nano.a(libc_a-mallocr.o)
                0x20000408                __malloc_sbrk_start
 .bss.__malloc_free_list
                0x2000040c        0x4 C:/ST/STM32CubeIDE_1.16.1/STM32CubeIDE/plugins/com.st.stm32cube.ide.mcu.externaltools.gnu-tools-for-stm32.12.3.rel1.win32_1.0.200.202406191623/tools/bin/../lib/gcc/arm-none-eabi/12.3.1/../../../../arm-none-eabi/lib/thumb/v7-m/nofp\libc_nano.a(libc_a-mallocr.o)
                0x2000040c                __malloc_free_list
 *(COMMON)
                0x20000410                        . = ALIGN (0x4)
                0x20000410                        _ebss = .
                0x20000410                        __bss_end__ = _ebss

._user_heap_stack
                0x20000410      0x600 load address 0x080074a8
                0x20000410                        . = ALIGN (0x8)
                [!provide]                        PROVIDE (end = .)
                0x20000410                        PROVIDE (_end = .)
                0x20000610                        . = (. + _Min_Heap_Size)
 *fill*         0x20000410      0x200 
                0x20000a10                        . = (. + _Min_Stack_Size)
 *fill*         0x20000610      0x400 
                0x20000a10                        . = ALIGN (0x8)

/DISCARD/
 libc.a(*)
 libm.a(*)
 libgcc.a(*)

.ARM.attributes
                0x00000000       0x29
 *(.ARM.attributes)
 .ARM.attributes
                0x00000000       0x1d C:/ST/STM32CubeIDE_1.16.1/STM32CubeIDE/plugins/com.st.stm32cube.ide.mcu.externaltools.gnu-tools-for-stm32.12.3.rel1.win32_1.0.200.202406191623/tools/bin/../lib/gcc/arm-none-eabi/12.3.1/thumb/v7-m/nofp/crti.o
 .ARM.attributes
                0x0000001d       0x2d C:/ST/STM32CubeIDE_1.16.1/STM32CubeIDE/plugins/com.st.stm32cube.ide.mcu.externaltools.gnu-tools-for-stm32.12.3.rel1.win32_1.0.200.202406191623/tools/bin/../lib/gcc/arm-none-eabi/12.3.1/thumb/v7-m/nofp/crtbegin.o
 .ARM.attributes
                0x0000004a       0x2d ./Core/Src/buttons.o
 .ARM.attributes
                0x00000077       0x2d ./Core/Src/buzzer.o
 .ARM.attributes
                0x000000a4       0x2d ./Core/Src/control.o
 .ARM.attributes
                0x000000d1       0x2d ./Core/Src/display.o
 .ARM.attributes
                0x000000fe       0x2d ./Core/Src/ds3231.o
 .ARM.attributes
                0x0000012b       0x2d ./Core/Src/fee.o
 .ARM.attributes
                0x00000158       0x2d ./Core/Src/filter.o
 .ARM.attributes
                0x00000185       0x2d ./Core/Src/lcd1602_i2c.o
 .ARM.attributes
                0x000001b2       0x2d ./Core/Src/main.o
 .ARM.attributes
                0x000001df       0x2d ./Core/Src/mq2.o
 .ARM.attributes
                0x0000020c       0x2d ./Core/Src/sht31.o
 .ARM.attributes
                0x00000239       0x2d ./Core/Src/stm32f1xx_hal_msp.o
 .ARM.attributes
                0x00000266       0x2d ./Core/Src/stm32f1xx_it.o
 .ARM.attributes
                0x00000293       0x2d ./Core/Src/sysmem.o
 .ARM.attributes
                0x000002c0       0x2d ./Core/Src/system_stm32f1xx.o
 .ARM.attributes
                0x000002ed       0x2d ./Core/Src/timer.o
 .ARM.attributes
                0x0000031a       0x21 ./Core/Startup/startup_stm32f103c8tx.o
 .ARM.attributes
                0x0000033b       0x2d ./Drivers/STM32F1xx_HAL_Driver/Src/stm32f1xx_hal.o
 .ARM.attributes
                0x00000368       0x2d ./Drivers/STM32F1xx_HAL_Driver/Src/stm32f1xx_hal_adc.o
 .ARM.attributes
                0x00000395       0x2d ./Drivers/STM32F1xx_HAL_Driver/Src/stm32f1xx_hal_adc_ex.o
 .ARM.attributes
                0x000003c2       0x2d ./Drivers/STM32F1xx_HAL_Driver/Src/stm32f1xx_hal_cortex.o
 .ARM.attributes
                0x000003ef       0x2d ./Drivers/STM32F1xx_HAL_Driver/Src/stm32f1xx_hal_dma.o
 .ARM.attributes
                0x0000041c       0x2d ./Drivers/STM32F1xx_HAL_Driver/Src/stm32f1xx_hal_flash.o
 .ARM.attributes
                0x00000449       0x2d ./Drivers/STM32F1xx_HAL_Driver/Src/stm32f1xx_hal_flash_ex.o
 .ARM.attributes
                0x00000476       0x2d ./Drivers/STM32F1xx_HAL_Driver/Src/stm32f1xx_hal_gpio.o
 .ARM.attributes
                0x000004a3       0x2d ./Drivers/STM32F1xx_HAL_Driver/Src/stm32f1xx_hal_i2c.o
 .ARM.attributes
                0x000004d0       0x2d ./Drivers/STM32F1xx_HAL_Driver/Src/stm32f1xx_hal_rcc.o
 .ARM.attributes
                0x000004fd       0x2d ./Drivers/STM32F1xx_HAL_Driver/Src/stm32f1xx_hal_rcc_ex.o
 .ARM.attributes
                0x0000052a       0x2d ./Drivers/STM32F1xx_HAL_Driver/Src/stm32f1xx_hal_tim.o
 .ARM.attributes
                0x00000557       0x2d ./Drivers/STM32F1xx_HAL_Driver/Src/stm32f1xx_hal_tim_ex.o
 .ARM.attributes
                0x00000584       0x2d C:/ST/STM32CubeIDE_1.16.1/STM32CubeIDE/plugins/com.st.stm32cube.ide.mcu.externaltools.gnu-tools-for-stm32.12.3.rel1.win32_1.0.200.202406191623/tools/bin/../lib/gcc/arm-none-eabi/12.3.1/../../../../arm-none-eabi/lib/thumb/v7-m/nofp\libc_nano.a(libc_a-findfp.o)
 .ARM.attributes
                0x000005b1       0x2d C:/ST/STM32CubeIDE_1.16.1/STM32CubeIDE/plugins/com.st.stm32cube.ide.mcu.externaltools.gnu-tools-for-stm32.12.3.rel1.win32_1.0.200.202406191623/tools/bin/../lib/gcc/arm-none-eabi/12.3.1/../../../../arm-none-eabi/lib/thumb/v7-m/nofp\libc_nano.a(libc_a-sprintf.o)
 .ARM.attributes
                0x000005de       0x2d C:/ST/STM32CubeIDE_1.16.1/STM32CubeIDE/plugins/com.st.stm32cube.ide.mcu.externaltools.gnu-tools-for-stm32.12.3.rel1.win32_1.0.200.202406191623/tools/bin/../lib/gcc/arm-none-eabi/12.3.1/../../../../arm-none-eabi/lib/thumb/v7-m/nofp\libc_nano.a(libc_a-memset.o)
 .ARM.attributes
                0x0000060b       0x2d C:/ST/STM32CubeIDE_1.16.1/STM32CubeIDE/plugins/com.st.stm32cube.ide.mcu.externaltools.gnu-tools-for-stm32.12.3.rel1.win32_1.0.200.202406191623/tools/bin/../lib/gcc/arm-none-eabi/12.3.1/../../../../arm-none-eabi/lib/thumb/v7-m/nofp\libc_nano.a(libc_a-reent.o)
 .ARM.attributes
                0x00000638       0x2d C:/ST/STM32CubeIDE_1.16.1/STM32CubeIDE/plugins/com.st.stm32cube.ide.mcu.externaltools.gnu-tools-for-stm32.12.3.rel1.win32_1.0.200.202406191623/tools/bin/../lib/gcc/arm-none-eabi/12.3.1/../../../../arm-none-eabi/lib/thumb/v7-m/nofp\libc_nano.a(libc_a-impure.o)
 .ARM.attributes
                0x00000665       0x2d C:/ST/STM32CubeIDE_1.16.1/STM32CubeIDE/plugins/com.st.stm32cube.ide.mcu.externaltools.gnu-tools-for-stm32.12.3.rel1.win32_1.0.200.202406191623/tools/bin/../lib/gcc/arm-none-eabi/12.3.1/../../../../arm-none-eabi/lib/thumb/v7-m/nofp\libc_nano.a(libc_a-errno.o)
 .ARM.attributes
                0x00000692       0x2d C:/ST/STM32CubeIDE_1.16.1/STM32CubeIDE/plugins/com.st.stm32cube.ide.mcu.externaltools.gnu-tools-for-stm32.12.3.rel1.win32_1.0.200.202406191623/tools/bin/../lib/gcc/arm-none-eabi/12.3.1/../../../../arm-none-eabi/lib/thumb/v7-m/nofp\libc_nano.a(libc_a-init.o)
 .ARM.attributes
                0x000006bf       0x2d C:/ST/STM32CubeIDE_1.16.1/STM32CubeIDE/plugins/com.st.stm32cube.ide.mcu.externaltools.gnu-tools-for-stm32.12.3.rel1.win32_1.0.200.202406191623/tools/bin/../lib/gcc/arm-none-eabi/12.3.1/../../../../arm-none-eabi/lib/thumb/v7-m/nofp\libc_nano.a(libc_a-lock.o)
 .ARM.attributes
                0x000006ec       0x2d C:/ST/STM32CubeIDE_1.16.1/STM32CubeIDE/plugins/com.st.stm32cube.ide.mcu.externaltools.gnu-tools-for-stm32.12.3.rel1.win32_1.0.200.202406191623/tools/bin/../lib/gcc/arm-none-eabi/12.3.1/../../../../arm-none-eabi/lib/thumb/v7-m/nofp\libc_nano.a(libc_a-memcpy-stub.o)
 .ARM.attributes
                0x00000719       0x2d C:/ST/STM32CubeIDE_1.16.1/STM32CubeIDE/plugins/com.st.stm32cube.ide.mcu.externaltools.gnu-tools-for-stm32.12.3.rel1.win32_1.0.200.202406191623/tools/bin/../lib/gcc/arm-none-eabi/12.3.1/../../../../arm-none-eabi/lib/thumb/v7-m/nofp\libc_nano.a(libc_a-freer.o)
 .ARM.attributes
                0x00000746       0x2d C:/ST/STM32CubeIDE_1.16.1/STM32CubeIDE/plugins/com.st.stm32cube.ide.mcu.externaltools.gnu-tools-for-stm32.12.3.rel1.win32_1.0.200.202406191623/tools/bin/../lib/gcc/arm-none-eabi/12.3.1/../../../../arm-none-eabi/lib/thumb/v7-m/nofp\libc_nano.a(libc_a-mallocr.o)
 .ARM.attributes
                0x00000773       0x2d C:/ST/STM32CubeIDE_1.16.1/STM32CubeIDE/plugins/com.st.stm32cube.ide.mcu.externaltools.gnu-tools-for-stm32.12.3.rel1.win32_1.0.200.202406191623/tools/bin/../lib/gcc/arm-none-eabi/12.3.1/../../../../arm-none-eabi/lib/thumb/v7-m/nofp\libc_nano.a(libc_a-mlock.o)
 .ARM.attributes
                0x000007a0       0x2d C:/ST/STM32CubeIDE_1.16.1/STM32CubeIDE/plugins/com.st.stm32cube.ide.mcu.externaltools.gnu-tools-for-stm32.12.3.rel1.win32_1.0.200.202406191623/tools/bin/../lib/gcc/arm-none-eabi/12.3.1/../../../../arm-none-eabi/lib/thumb/v7-m/nofp\libc_nano.a(libc_a-nano-svfprintf.o)
 .ARM.attributes
                0x000007cd       0x2d C:/ST/STM32CubeIDE_1.16.1/STM32CubeIDE/plugins/com.st.stm32cube.ide.mcu.externaltools.gnu-tools-for-stm32.12.3.rel1.win32_1.0.200.202406191623/tools/bin/../lib/gcc/arm-none-eabi/12.3.1/../../../../arm-none-eabi/lib/thumb/v7-m/nofp\libc_nano.a(libc_a-nano-vfprintf_i.o)
 .ARM.attributes
                0x000007fa       0x2d C:/ST/STM32CubeIDE_1.16.1/STM32CubeIDE/plugins/com.st.stm32cube.ide.mcu.externaltools.gnu-tools-for-stm32.12.3.rel1.win32_1.0.200.202406191623/tools/bin/../lib/gcc/arm-none-eabi/12.3.1/../../../../arm-none-eabi/lib/thumb/v7-m/nofp\libc_nano.a(libc_a-memmove.o)
 .ARM.attributes
                0x00000827       0x2d C:/ST/STM32CubeIDE_1.16.1/STM32CubeIDE/plugins/com.st.stm32cube.ide.mcu.externaltools.gnu-tools-for-stm32.12.3.rel1.win32_1.0.200.202406191623/tools/bin/../lib/gcc/arm-none-eabi/12.3.1/../../../../arm-none-eabi/lib/thumb/v7-m/nofp\libc_nano.a(libc_a-sbrkr.o)
 .ARM.attributes
                0x00000854       0x2d C:/ST/STM32CubeIDE_1.16.1/STM32CubeIDE/plugins/com.st.stm32cube.ide.mcu.externaltools.gnu-tools-for-stm32.12.3.rel1.win32_1.0.200.202406191623/tools/bin/../lib/gcc/arm-none-eabi/12.3.1/../../../../arm-none-eabi/lib/thumb/v7-m/nofp\libc_nano.a(libc_a-memchr-stub.o)
 .ARM.attributes
                0x00000881       0x2d C:/ST/STM32CubeIDE_1.16.1/STM32CubeIDE/plugins/com.st.stm32cube.ide.mcu.externaltools.gnu-tools-for-stm32.12.3.rel1.win32_1.0.200.202406191623/tools/bin/../lib/gcc/arm-none-eabi/12.3.1/../../../../arm-none-eabi/lib/thumb/v7-m/nofp\libc_nano.a(libc_a-reallocr.o)
 .ARM.attributes
                0x000008ae       0x2d C:/ST/STM32CubeIDE_1.16.1/STM32CubeIDE/plugins/com.st.stm32cube.ide.mcu.externaltools.gnu-tools-for-stm32.12.3.rel1.win32_1.0.200.202406191623/tools/bin/../lib/gcc/arm-none-eabi/12.3.1/../../../../arm-none-eabi/lib/thumb/v7-m/nofp\libc_nano.a(libc_a-msizer.o)
 .ARM.attributes
                0x000008db       0x1d C:/ST/STM32CubeIDE_1.16.1/STM32CubeIDE/plugins/com.st.stm32cube.ide.mcu.externaltools.gnu-tools-for-stm32.12.3.rel1.win32_1.0.200.202406191623/tools/bin/../lib/gcc/arm-none-eabi/12.3.1/thumb/v7-m/nofp\libgcc.a(_arm_addsubsf3.o)
 .ARM.attributes
                0x000008f8       0x1d C:/ST/STM32CubeIDE_1.16.1/STM32CubeIDE/plugins/com.st.stm32cube.ide.mcu.externaltools.gnu-tools-for-stm32.12.3.rel1.win32_1.0.200.202406191623/tools/bin/../lib/gcc/arm-none-eabi/12.3.1/thumb/v7-m/nofp\libgcc.a(_arm_muldivsf3.o)
 .ARM.attributes
                0x00000915       0x1d C:/ST/STM32CubeIDE_1.16.1/STM32CubeIDE/plugins/com.st.stm32cube.ide.mcu.externaltools.gnu-tools-for-stm32.12.3.rel1.win32_1.0.200.202406191623/tools/bin/../lib/gcc/arm-none-eabi/12.3.1/thumb/v7-m/nofp\libgcc.a(_arm_fixsfsi.o)
 .ARM.attributes
                0x00000932       0x1d C:/ST/STM32CubeIDE_1.16.1/STM32CubeIDE/plugins/com.st.stm32cube.ide.mcu.externaltools.gnu-tools-for-stm32.12.3.rel1.win32_1.0.200.202406191623/tools/bin/../lib/gcc/arm-none-eabi/12.3.1/thumb/v7-m/nofp/crtn.o
OUTPUT(Timer.elf elf32-littlearm)
LOAD linker stubs
LOAD C:/ST/STM32CubeIDE_1.16.1/STM32CubeIDE/plugins/com.st.stm32cube.ide.mcu.externaltools.gnu-tools-for-stm32.12.3.rel1.win32_1.0.200.202406191623/tools/bin/../lib/gcc/arm-none-eabi/12.3.1/../../../../arm-none-eabi/lib/thumb/v7-m/nofp\libc.a
LOAD C:/ST/STM32CubeIDE_1.16.1/STM32CubeIDE/plugins/com.st.stm32cube.ide.mcu.externaltools.gnu-tools-for-stm32.12.3.rel1.win32_1.0.200.202406191623/tools/bin/../lib/gcc/arm-none-eabi/12.3.1/../../../../arm-none-eabi/lib/thumb/v7-m/nofp\libm.a
LOAD C:/ST/STM32CubeIDE_1.16.1/STM32CubeIDE/plugins/com.st.stm32cube.ide.mcu.externaltools.gnu-tools-for-stm32.12.3.rel1.win32_1.0.200.202406191623/tools/bin/../lib/gcc/arm-none-eabi/12.3.1/thumb/v7-m/nofp\libgcc.a

.debug_info     0x00000000    0x11dec
 .debug_info    0x00000000      0x39d ./Core/Src/buttons.o
 .debug_info    0x0000039d      0x791 ./Core/Src/buzzer.o
 .debug_info    0x00000b2e      0x4a1 ./Core/Src/control.o
 .debug_info    0x00000fcf      0x2a0 ./Core/Src/display.o
 .debug_info    0x0000126f      0x6e2 ./Core/Src/ds3231.o
 .debug_info    0x00001951      0x3eb ./Core/Src/fee.o
 .debug_info    0x00001d3c      0x110 ./Core/Src/filter.o
 .debug_info    0x00001e4c      0x7ec ./Core/Src/lcd1602_i2c.o
 .debug_info    0x00002638     0x14d2 ./Core/Src/main.o
 .debug_info    0x00003b0a      0x674 ./Core/Src/mq2.o
 .debug_info    0x0000417e      0x7c4 ./Core/Src/sht31.o
 .debug_info    0x00004942     0x1111 ./Core/Src/stm32f1xx_hal_msp.o
 .debug_info    0x00005a53      0x6e2 ./Core/Src/stm32f1xx_it.o
 .debug_info    0x00006135      0x168 ./Core/Src/sysmem.o
 .debug_info    0x0000629d      0x222 ./Core/Src/system_stm32f1xx.o
 .debug_info    0x000064bf      0x979 ./Core/Src/timer.o
 .debug_info    0x00006e38       0x30 ./Core/Startup/startup_stm32f103c8tx.o
 .debug_info    0x00006e68      0x704 ./Drivers/STM32F1xx_HAL_Driver/Src/stm32f1xx_hal.o
 .debug_info    0x0000756c      0xc50 ./Drivers/STM32F1xx_HAL_Driver/Src/stm32f1xx_hal_adc.o
 .debug_info    0x000081bc      0xa10 ./Drivers/STM32F1xx_HAL_Driver/Src/stm32f1xx_hal_adc_ex.o
 .debug_info    0x00008bcc      0xa87 ./Drivers/STM32F1xx_HAL_Driver/Src/stm32f1xx_hal_cortex.o
 .debug_info    0x00009653      0x6d2 ./Drivers/STM32F1xx_HAL_Driver/Src/stm32f1xx_hal_dma.o
 .debug_info    0x00009d25      0x4f8 ./Drivers/STM32F1xx_HAL_Driver/Src/stm32f1xx_hal_flash.o
 .debug_info    0x0000a21d      0x777 ./Drivers/STM32F1xx_HAL_Driver/Src/stm32f1xx_hal_flash_ex.o
 .debug_info    0x0000a994      0x5ab ./Drivers/STM32F1xx_HAL_Driver/Src/stm32f1xx_hal_gpio.o
 .debug_info    0x0000af3f     0x2524 ./Drivers/STM32F1xx_HAL_Driver/Src/stm32f1xx_hal_i2c.o
 .debug_info    0x0000d463      0x7d5 ./Drivers/STM32F1xx_HAL_Driver/Src/stm32f1xx_hal_rcc.o
 .debug_info    0x0000dc38      0x3c0 ./Drivers/STM32F1xx_HAL_Driver/Src/stm32f1xx_hal_rcc_ex.o
 .debug_info    0x0000dff8     0x2959 ./Drivers/STM32F1xx_HAL_Driver/Src/stm32f1xx_hal_tim.o
 .debug_info    0x00010951     0x149b ./Drivers/STM32F1xx_HAL_Driver/Src/stm32f1xx_hal_tim_ex.o

.debug_abbrev   0x00000000     0x386c
 .debug_abbrev  0x00000000      0x14e ./Core/Src/buttons.o
 .debug_abbrev  0x0000014e      0x1ed ./Core/Src/buzzer.o
 .debug_abbrev  0x0000033b      0x17d ./Core/Src/control.o
 .debug_abbrev  0x000004b8      0x118 ./Core/Src/display.o
 .debug_abbrev  0x000005d0      0x192 ./Core/Src/ds3231.o
 .debug_abbrev  0x00000762      0x19d ./Core/Src/fee.o
 .debug_abbrev  0x000008ff       0xab ./Core/Src/filter.o
 .debug_abbrev  0x000009aa      0x1c5 ./Core/Src/lcd1602_i2c.o
 .debug_abbrev  0x00000b6f      0x2d5 ./Core/Src/main.o
 .debug_abbrev  0x00000e44      0x1e0 ./Core/Src/mq2.o
 .debug_abbrev  0x00001024      0x21a ./Core/Src/sht31.o
 .debug_abbrev  0x0000123e      0x256 ./Core/Src/stm32f1xx_hal_msp.o
 .debug_abbrev  0x00001494      0x193 ./Core/Src/stm32f1xx_it.o
 .debug_abbrev  0x00001627       0xbc ./Core/Src/sysmem.o
 .debug_abbrev  0x000016e3      0x13f ./Core/Src/system_stm32f1xx.o
 .debug_abbrev  0x00001822      0x27c ./Core/Src/timer.o
 .debug_abbrev  0x00001a9e       0x24 ./Core/Startup/startup_stm32f103c8tx.o
 .debug_abbrev  0x00001ac2      0x201 ./Drivers/STM32F1xx_HAL_Driver/Src/stm32f1xx_hal.o
 .debug_abbrev  0x00001cc3      0x225 ./Drivers/STM32F1xx_HAL_Driver/Src/stm32f1xx_hal_adc.o
 .debug_abbrev  0x00001ee8      0x249 ./Drivers/STM32F1xx_HAL_Driver/Src/stm32f1xx_hal_adc_ex.o
 .debug_abbrev  0x00002131      0x2f8 ./Drivers/STM32F1xx_HAL_Driver/Src/stm32f1xx_hal_cortex.o
 .debug_abbrev  0x00002429      0x20b ./Drivers/STM32F1xx_HAL_Driver/Src/stm32f1xx_hal_dma.o
 .debug_abbrev  0x00002634      0x250 ./Drivers/STM32F1xx_HAL_Driver/Src/stm32f1xx_hal_flash.o
 .debug_abbrev  0x00002884      0x247 ./Drivers/STM32F1xx_HAL_Driver/Src/stm32f1xx_hal_flash_ex.o
 .debug_abbrev  0x00002acb      0x1ca ./Drivers/STM32F1xx_HAL_Driver/Src/stm32f1xx_hal_gpio.o
 .debug_abbrev  0x00002c95      0x2a3 ./Drivers/STM32F1xx_HAL_Driver/Src/stm32f1xx_hal_i2c.o
 .debug_abbrev  0x00002f38      0x2b3 ./Drivers/STM32F1xx_HAL_Driver/Src/stm32f1xx_hal_rcc.o
 .debug_abbrev  0x000031eb      0x188 ./Drivers/STM32F1xx_HAL_Driver/Src/stm32f1xx_hal_rcc_ex.o
 .debug_abbrev  0x00003373      0x277 ./Drivers/STM32F1xx_HAL_Driver/Src/stm32f1xx_hal_tim.o
 .debug_abbrev  0x000035ea      0x282 ./Drivers/STM32F1xx_HAL_Driver/Src/stm32f1xx_hal_tim_ex.o

.debug_aranges  0x00000000     0x1238
 .debug_aranges
                0x00000000       0x48 ./Core/Src/buttons.o
 .debug_aranges
                0x00000048       0x38 ./Core/Src/buzzer.o
 .debug_aranges
                0x00000080       0x40 ./Core/Src/control.o
 .debug_aranges
                0x000000c0       0x40 ./Core/Src/display.o
 .debug_aranges
                0x00000100       0x30 ./Core/Src/ds3231.o
 .debug_aranges
                0x00000130       0x38 ./Core/Src/fee.o
 .debug_aranges
                0x00000168       0x20 ./Core/Src/filter.o
 .debug_aranges
                0x00000188       0x50 ./Core/Src/lcd1602_i2c.o
 .debug_aranges
                0x000001d8       0x60 ./Core/Src/main.o
 .debug_aranges
                0x00000238       0x48 ./Core/Src/mq2.o
 .debug_aranges
                0x00000280       0x40 ./Core/Src/sht31.o
 .debug_aranges
                0x000002c0       0x58 ./Core/Src/stm32f1xx_hal_msp.o
 .debug_aranges
                0x00000318       0x70 ./Core/Src/stm32f1xx_it.o
 .debug_aranges
                0x00000388       0x20 ./Core/Src/sysmem.o
 .debug_aranges
                0x000003a8       0x28 ./Core/Src/system_stm32f1xx.o
 .debug_aranges
                0x000003d0       0x58 ./Core/Src/timer.o
 .debug_aranges
                0x00000428       0x28 ./Core/Startup/startup_stm32f103c8tx.o
 .debug_aranges
                0x00000450       0xe0 ./Drivers/STM32F1xx_HAL_Driver/Src/stm32f1xx_hal.o
 .debug_aranges
                0x00000530       0xf0 ./Drivers/STM32F1xx_HAL_Driver/Src/stm32f1xx_hal_adc.o
 .debug_aranges
                0x00000620       0x80 ./Drivers/STM32F1xx_HAL_Driver/Src/stm32f1xx_hal_adc_ex.o
 .debug_aranges
                0x000006a0      0x100 ./Drivers/STM32F1xx_HAL_Driver/Src/stm32f1xx_hal_cortex.o
 .debug_aranges
                0x000007a0       0x80 ./Drivers/STM32F1xx_HAL_Driver/Src/stm32f1xx_hal_dma.o
 .debug_aranges
                0x00000820       0x88 ./Drivers/STM32F1xx_HAL_Driver/Src/stm32f1xx_hal_flash.o
 .debug_aranges
                0x000008a8       0x98 ./Drivers/STM32F1xx_HAL_Driver/Src/stm32f1xx_hal_flash_ex.o
 .debug_aranges
                0x00000940       0x58 ./Drivers/STM32F1xx_HAL_Driver/Src/stm32f1xx_hal_gpio.o
 .debug_aranges
                0x00000998      0x2a8 ./Drivers/STM32F1xx_HAL_Driver/Src/stm32f1xx_hal_i2c.o
 .debug_aranges
                0x00000c40       0x90 ./Drivers/STM32F1xx_HAL_Driver/Src/stm32f1xx_hal_rcc.o
 .debug_aranges
                0x00000cd0       0x30 ./Drivers/STM32F1xx_HAL_Driver/Src/stm32f1xx_hal_rcc_ex.o
 .debug_aranges
                0x00000d00      0x3d0 ./Drivers/STM32F1xx_HAL_Driver/Src/stm32f1xx_hal_tim.o
 .debug_aranges
                0x000010d0      0x168 ./Drivers/STM32F1xx_HAL_Driver/Src/stm32f1xx_hal_tim_ex.o

.debug_rnglists
                0x00000000      0xe05
 .debug_rnglists
                0x00000000       0x37 ./Core/Src/buttons.o
 .debug_rnglists
                0x00000037       0x26 ./Core/Src/buzzer.o
 .debug_rnglists
                0x0000005d       0x2d ./Core/Src/control.o
 .debug_rnglists
                0x0000008a       0x2d ./Core/Src/display.o
 .debug_rnglists
                0x000000b7       0x21 ./Core/Src/ds3231.o
 .debug_rnglists
                0x000000d8       0x28 ./Core/Src/fee.o
 .debug_rnglists
                0x00000100       0x13 ./Core/Src/filter.o
 .debug_rnglists
                0x00000113       0x38 ./Core/Src/lcd1602_i2c.o
 .debug_rnglists
                0x0000014b       0x47 ./Core/Src/main.o
 .debug_rnglists
                0x00000192       0x31 ./Core/Src/mq2.o
 .debug_rnglists
                0x000001c3       0x2c ./Core/Src/sht31.o
 .debug_rnglists
                0x000001ef       0x3e ./Core/Src/stm32f1xx_hal_msp.o
 .debug_rnglists
                0x0000022d       0x4f ./Core/Src/stm32f1xx_it.o
 .debug_rnglists
                0x0000027c       0x13 ./Core/Src/sysmem.o
 .debug_rnglists
                0x0000028f       0x1a ./Core/Src/system_stm32f1xx.o
 .debug_rnglists
                0x000002a9       0x40 ./Core/Src/timer.o
 .debug_rnglists
                0x000002e9       0x19 ./Core/Startup/startup_stm32f103c8tx.o
 .debug_rnglists
                0x00000302       0xa3 ./Drivers/STM32F1xx_HAL_Driver/Src/stm32f1xx_hal.o
 .debug_rnglists
                0x000003a5       0xbc ./Drivers/STM32F1xx_HAL_Driver/Src/stm32f1xx_hal_adc.o
 .debug_rnglists
                0x00000461       0x65 ./Drivers/STM32F1xx_HAL_Driver/Src/stm32f1xx_hal_adc_ex.o
 .debug_rnglists
                0x000004c6       0xbb ./Drivers/STM32F1xx_HAL_Driver/Src/stm32f1xx_hal_cortex.o
 .debug_rnglists
                0x00000581       0x64 ./Drivers/STM32F1xx_HAL_Driver/Src/stm32f1xx_hal_dma.o
 .debug_rnglists
                0x000005e5       0x66 ./Drivers/STM32F1xx_HAL_Driver/Src/stm32f1xx_hal_flash.o
 .debug_rnglists
                0x0000064b       0x73 ./Drivers/STM32F1xx_HAL_Driver/Src/stm32f1xx_hal_flash_ex.o
 .debug_rnglists
                0x000006be       0x3f ./Drivers/STM32F1xx_HAL_Driver/Src/stm32f1xx_hal_gpio.o
 .debug_rnglists
                0x000006fd      0x23c ./Drivers/STM32F1xx_HAL_Driver/Src/stm32f1xx_hal_i2c.o
 .debug_rnglists
                0x00000939       0x6c ./Drivers/STM32F1xx_HAL_Driver/Src/stm32f1xx_hal_rcc.o
 .debug_rnglists
                0x000009a5       0x21 ./Drivers/STM32F1xx_HAL_Driver/Src/stm32f1xx_hal_rcc_ex.o
 .debug_rnglists
                0x000009c6      0x31a ./Drivers/STM32F1xx_HAL_Driver/Src/stm32f1xx_hal_tim.o
 .debug_rnglists
                0x00000ce0      0x125 ./Drivers/STM32F1xx_HAL_Driver/Src/stm32f1xx_hal_tim_ex.o

.debug_macro    0x00000000    0x1b128
 .debug_macro   0x00000000      0x300 ./Core/Src/buttons.o
 .debug_macro   0x00000300      0xaa8 ./Core/Src/buttons.o
 .debug_macro   0x00000da8      0x227 ./Core/Src/buttons.o
 .debug_macro   0x00000fcf       0x2e ./Core/Src/buttons.o
 .debug_macro   0x00000ffd       0x22 ./Core/Src/buttons.o
 .debug_macro   0x0000101f       0x22 ./Core/Src/buttons.o
 .debug_macro   0x00001041       0x8e ./Core/Src/buttons.o
 .debug_macro   0x000010cf       0x51 ./Core/Src/buttons.o
 .debug_macro   0x00001120      0x103 ./Core/Src/buttons.o
 .debug_macro   0x00001223       0x6a ./Core/Src/buttons.o
 .debug_macro   0x0000128d      0x1df ./Core/Src/buttons.o
 .debug_macro   0x0000146c       0x1c ./Core/Src/buttons.o
 .debug_macro   0x00001488       0x22 ./Core/Src/buttons.o
 .debug_macro   0x000014aa       0xbd ./Core/Src/buttons.o
 .debug_macro   0x00001567      0xd23 ./Core/Src/buttons.o
 .debug_macro   0x0000228a     0xe09e ./Core/Src/buttons.o
 .debug_macro   0x00010328       0x6d ./Core/Src/buttons.o
 .debug_macro   0x00010395     0x34a2 ./Core/Src/buttons.o
 .debug_macro   0x00013837      0x189 ./Core/Src/buttons.o
 .debug_macro   0x000139c0       0x5c ./Core/Src/buttons.o
 .debug_macro   0x00013a1c      0x5bc ./Core/Src/buttons.o
 .debug_macro   0x00013fd8      0x289 ./Core/Src/buttons.o
 .debug_macro   0x00014261      0x1cb ./Core/Src/buttons.o
 .debug_macro   0x0001442c      0x114 ./Core/Src/buttons.o
 .debug_macro   0x00014540      0x1b2 ./Core/Src/buttons.o
 .debug_macro   0x000146f2       0x27 ./Core/Src/buttons.o
 .debug_macro   0x00014719      0x136 ./Core/Src/buttons.o
 .debug_macro   0x0001484f      0x1bc ./Core/Src/buttons.o
 .debug_macro   0x00014a0b       0x34 ./Core/Src/buttons.o
 .debug_macro   0x00014a3f       0x3c ./Core/Src/buttons.o
 .debug_macro   0x00014a7b       0x57 ./Core/Src/buttons.o
 .debug_macro   0x00014ad2      0x46a ./Core/Src/buttons.o
 .debug_macro   0x00014f3c      0x1b5 ./Core/Src/buttons.o
 .debug_macro   0x000150f1       0x87 ./Core/Src/buttons.o
 .debug_macro   0x00015178      0x240 ./Core/Src/buttons.o
 .debug_macro   0x000153b8      0x287 ./Core/Src/buttons.o
 .debug_macro   0x0001563f      0x140 ./Core/Src/buttons.o
 .debug_macro   0x0001577f      0x8ed ./Core/Src/buttons.o
 .debug_macro   0x0001606c       0x83 ./Core/Src/buttons.o
 .debug_macro   0x000160ef       0x61 ./Core/Src/buttons.o
 .debug_macro   0x00016150       0x24 ./Core/Src/buttons.o
 .debug_macro   0x00016174       0x43 ./Core/Src/buttons.o
 .debug_macro   0x000161b7       0x34 ./Core/Src/buttons.o
 .debug_macro   0x000161eb       0x16 ./Core/Src/buttons.o
 .debug_macro   0x00016201       0x43 ./Core/Src/buttons.o
 .debug_macro   0x00016244       0x34 ./Core/Src/buttons.o
 .debug_macro   0x00016278       0x10 ./Core/Src/buttons.o
 .debug_macro   0x00016288       0x58 ./Core/Src/buttons.o
 .debug_macro   0x000162e0       0x8e ./Core/Src/buttons.o
 .debug_macro   0x0001636e       0x1c ./Core/Src/buttons.o
 .debug_macro   0x0001638a      0x177 ./Core/Src/buttons.o
 .debug_macro   0x00016501      0x369 ./Core/Src/buttons.o
 .debug_macro   0x0001686a       0x10 ./Core/Src/buttons.o
 .debug_macro   0x0001687a       0x35 ./Core/Src/buttons.o
 .debug_macro   0x000168af       0x20 ./Core/Src/buttons.o
 .debug_macro   0x000168cf       0x1c ./Core/Src/buttons.o
 .debug_macro   0x000168eb       0x10 ./Core/Src/buttons.o
 .debug_macro   0x000168fb       0x1c ./Core/Src/buttons.o
 .debug_macro   0x00016917       0x16 ./Core/Src/buttons.o
 .debug_macro   0x0001692d      0x146 ./Core/Src/buttons.o
 .debug_macro   0x00016a73      0x19b ./Core/Src/buttons.o
 .debug_macro   0x00016c0e       0x22 ./Core/Src/buttons.o
 .debug_macro   0x00016c30       0x58 ./Core/Src/buttons.o
 .debug_macro   0x00016c88      0x306 ./Core/Src/buzzer.o
 .debug_macro   0x00016f8e      0x33b ./Core/Src/control.o
 .debug_macro   0x000172c9       0x28 ./Core/Src/control.o
 .debug_macro   0x000172f1       0x16 ./Core/Src/control.o
 .debug_macro   0x00017307       0x10 ./Core/Src/control.o
 .debug_macro   0x00017317      0x30b ./Core/Src/display.o
 .debug_macro   0x00017622      0x2f4 ./Core/Src/ds3231.o
 .debug_macro   0x00017916      0x2f3 ./Core/Src/fee.o
 .debug_macro   0x00017c09       0x16 ./Core/Src/fee.o
 .debug_macro   0x00017c1f      0x2ee ./Core/Src/filter.o
 .debug_macro   0x00017f0d      0x2f3 ./Core/Src/lcd1602_i2c.o
 .debug_macro   0x00018200       0x22 ./Core/Src/lcd1602_i2c.o
 .debug_macro   0x00018222      0x36e ./Core/Src/main.o
 .debug_macro   0x00018590       0x1c ./Core/Src/main.o
 .debug_macro   0x000185ac      0x2fe ./Core/Src/mq2.o
 .debug_macro   0x000188aa      0x2f3 ./Core/Src/sht31.o
 .debug_macro   0x00018b9d       0x10 ./Core/Src/sht31.o
 .debug_macro   0x00018bad      0x2e4 ./Core/Src/stm32f1xx_hal_msp.o
 .debug_macro   0x00018e91      0x2ee ./Core/Src/stm32f1xx_it.o
 .debug_macro   0x0001917f       0xff ./Core/Src/sysmem.o
 .debug_macro   0x0001927e      0x23c ./Core/Src/sysmem.o
 .debug_macro   0x000194ba      0x1b7 ./Core/Src/system_stm32f1xx.o
 .debug_macro   0x00019671      0x33b ./Core/Src/timer.o
 .debug_macro   0x000199ac      0x1db ./Drivers/STM32F1xx_HAL_Driver/Src/stm32f1xx_hal.o
 .debug_macro   0x00019b87      0x1d4 ./Drivers/STM32F1xx_HAL_Driver/Src/stm32f1xx_hal_adc.o
 .debug_macro   0x00019d5b      0x1c9 ./Drivers/STM32F1xx_HAL_Driver/Src/stm32f1xx_hal_adc_ex.o
 .debug_macro   0x00019f24      0x1b7 ./Drivers/STM32F1xx_HAL_Driver/Src/stm32f1xx_hal_cortex.o
 .debug_macro   0x0001a0db      0x1b7 ./Drivers/STM32F1xx_HAL_Driver/Src/stm32f1xx_hal_dma.o
 .debug_macro   0x0001a292      0x1b7 ./Drivers/STM32F1xx_HAL_Driver/Src/stm32f1xx_hal_flash.o
 .debug_macro   0x0001a449      0x1c9 ./Drivers/STM32F1xx_HAL_Driver/Src/stm32f1xx_hal_flash_ex.o
 .debug_macro   0x0001a612      0x222 ./Drivers/STM32F1xx_HAL_Driver/Src/stm32f1xx_hal_gpio.o
 .debug_macro   0x0001a834      0x205 ./Drivers/STM32F1xx_HAL_Driver/Src/stm32f1xx_hal_i2c.o
 .debug_macro   0x0001aa39      0x1c9 ./Drivers/STM32F1xx_HAL_Driver/Src/stm32f1xx_hal_rcc.o
 .debug_macro   0x0001ac02      0x1b7 ./Drivers/STM32F1xx_HAL_Driver/Src/stm32f1xx_hal_rcc_ex.o
 .debug_macro   0x0001adb9      0x1b8 ./Drivers/STM32F1xx_HAL_Driver/Src/stm32f1xx_hal_tim.o
 .debug_macro   0x0001af71      0x1b7 ./Drivers/STM32F1xx_HAL_Driver/Src/stm32f1xx_hal_tim_ex.o

.debug_line     0x00000000    0x19f95
 .debug_line    0x00000000      0xb6b ./Core/Src/buttons.o
 .debug_line    0x00000b6b      0x992 ./Core/Src/buzzer.o
 .debug_line    0x000014fd      0xa25 ./Core/Src/control.o
 .debug_line    0x00001f22      0x998 ./Core/Src/display.o
 .debug_line    0x000028ba      0x940 ./Core/Src/ds3231.o
 .debug_line    0x000031fa      0xa09 ./Core/Src/fee.o
 .debug_line    0x00003c03      0x8f8 ./Core/Src/filter.o
 .debug_line    0x000044fb      0x9bc ./Core/Src/lcd1602_i2c.o
 .debug_line    0x00004eb7      0xb85 ./Core/Src/main.o
 .debug_line    0x00005a3c      0x965 ./Core/Src/mq2.o
 .debug_line    0x000063a1      0xa01 ./Core/Src/sht31.o
 .debug_line    0x00006da2      0xa0b ./Core/Src/stm32f1xx_hal_msp.o
 .debug_line    0x000077ad      0x9c3 ./Core/Src/stm32f1xx_it.o
 .debug_line    0x00008170      0x583 ./Core/Src/sysmem.o
 .debug_line    0x000086f3      0x7b3 ./Core/Src/system_stm32f1xx.o
 .debug_line    0x00008ea6      0xc1d ./Core/Src/timer.o
 .debug_line    0x00009ac3       0x78 ./Core/Startup/startup_stm32f103c8tx.o
 .debug_line    0x00009b3b      0x9e0 ./Drivers/STM32F1xx_HAL_Driver/Src/stm32f1xx_hal.o
 .debug_line    0x0000a51b     0x105d ./Drivers/STM32F1xx_HAL_Driver/Src/stm32f1xx_hal_adc.o
 .debug_line    0x0000b578      0xd97 ./Drivers/STM32F1xx_HAL_Driver/Src/stm32f1xx_hal_adc_ex.o
 .debug_line    0x0000c30f      0xbcc ./Drivers/STM32F1xx_HAL_Driver/Src/stm32f1xx_hal_cortex.o
 .debug_line    0x0000cedb      0xe39 ./Drivers/STM32F1xx_HAL_Driver/Src/stm32f1xx_hal_dma.o
 .debug_line    0x0000dd14      0xaab ./Drivers/STM32F1xx_HAL_Driver/Src/stm32f1xx_hal_flash.o
 .debug_line    0x0000e7bf      0xb99 ./Drivers/STM32F1xx_HAL_Driver/Src/stm32f1xx_hal_flash_ex.o
 .debug_line    0x0000f358      0xa79 ./Drivers/STM32F1xx_HAL_Driver/Src/stm32f1xx_hal_gpio.o
 .debug_line    0x0000fdd1     0x3c7d ./Drivers/STM32F1xx_HAL_Driver/Src/stm32f1xx_hal_i2c.o
 .debug_line    0x00013a4e      0xde9 ./Drivers/STM32F1xx_HAL_Driver/Src/stm32f1xx_hal_rcc.o
 .debug_line    0x00014837      0x92a ./Drivers/STM32F1xx_HAL_Driver/Src/stm32f1xx_hal_rcc_ex.o
 .debug_line    0x00015161     0x3505 ./Drivers/STM32F1xx_HAL_Driver/Src/stm32f1xx_hal_tim.o
 .debug_line    0x00018666     0x192f ./Drivers/STM32F1xx_HAL_Driver/Src/stm32f1xx_hal_tim_ex.o

.debug_str      0x00000000    0x91278
 .debug_str     0x00000000    0x8bcac ./Core/Src/buttons.o
                              0x8c011 (size before relaxing)
 .debug_str     0x0008bcac      0x580 ./Core/Src/buzzer.o
                              0x8c434 (size before relaxing)
 .debug_str     0x0008c22c      0x37a ./Core/Src/control.o
                              0x8c214 (size before relaxing)
 .debug_str     0x0008c5a6       0x4f ./Core/Src/display.o
                              0x8bf5e (size before relaxing)
 .debug_str     0x0008c5f5      0x2aa ./Core/Src/ds3231.o
                              0x8c333 (size before relaxing)
 .debug_str     0x0008c89f      0x18a ./Core/Src/fee.o
                              0x8bfcc (size before relaxing)
 .debug_str     0x0008ca29       0x15 ./Core/Src/filter.o
                              0x8be20 (size before relaxing)
 .debug_str     0x0008ca3e       0x90 ./Core/Src/lcd1602_i2c.o
                              0x8c3d1 (size before relaxing)
 .debug_str     0x0008cace      0x85c ./Core/Src/main.o
                              0x8d0dd (size before relaxing)
 .debug_str     0x0008d32a       0x97 ./Core/Src/mq2.o
                              0x8c240 (size before relaxing)
 .debug_str     0x0008d3c1       0x71 ./Core/Src/sht31.o
                              0x8c3d6 (size before relaxing)
 .debug_str     0x0008d432      0x114 ./Core/Src/stm32f1xx_hal_msp.o
                              0x8cb76 (size before relaxing)
 .debug_str     0x0008d546      0x118 ./Core/Src/stm32f1xx_it.o
                              0x8c3a7 (size before relaxing)
 .debug_str     0x0008d65e      0x4dc ./Core/Src/sysmem.o
                               0x606e (size before relaxing)
 .debug_str     0x0008db3a       0x7e ./Core/Src/system_stm32f1xx.o
                              0x87db3 (size before relaxing)
 .debug_str     0x0008dbb8       0xaf ./Core/Src/timer.o
                              0x8c6bc (size before relaxing)
 .debug_str     0x0008dc67       0x44 ./Core/Startup/startup_stm32f103c8tx.o
                                 0x79 (size before relaxing)
 .debug_str     0x0008dcab      0x378 ./Drivers/STM32F1xx_HAL_Driver/Src/stm32f1xx_hal.o
                              0x884e6 (size before relaxing)
 .debug_str     0x0008e023      0x35c ./Drivers/STM32F1xx_HAL_Driver/Src/stm32f1xx_hal_adc.o
                              0x88497 (size before relaxing)
 .debug_str     0x0008e37f      0x2bc ./Drivers/STM32F1xx_HAL_Driver/Src/stm32f1xx_hal_adc_ex.o
                              0x88467 (size before relaxing)
 .debug_str     0x0008e63b      0x294 ./Drivers/STM32F1xx_HAL_Driver/Src/stm32f1xx_hal_cortex.o
                              0x88432 (size before relaxing)
 .debug_str     0x0008e8cf      0x1e7 ./Drivers/STM32F1xx_HAL_Driver/Src/stm32f1xx_hal_dma.o
                              0x8815c (size before relaxing)
 .debug_str     0x0008eab6      0x253 ./Drivers/STM32F1xx_HAL_Driver/Src/stm32f1xx_hal_flash.o